Component: ARM Compiler 5.06 update 6 (build 750) Tool: armlink [4d35ed]

==============================================================================

Section Cross References

    main.o(.text) refers to delay.o(.text) for delay_init
    main.o(.text) refers to misc.o(.text) for NVIC_PriorityGroupConfig
    main.o(.text) refers to usart.o(.text) for uart_init
    main.o(.text) refers to usart3.o(.text) for uart3_init
    main.o(.text) refers to led.o(.text) for LED_Init
    main.o(.text) refers to key.o(.text) for KEY_Init
    main.o(.text) refers to esp8266.o(.text) for ESP8266_Init
    main.o(.text) refers to onenet.o(.text) for OneNet_DevLink
    main.o(.text) refers to noretval__2printf.o(.text) for __2printf
    main.o(.text) refers to main.o(.constdata) for .constdata
    main.o(.constdata) refers to main.o(.conststring) for .conststring
    system_stm32f10x.o(.text) refers to system_stm32f10x.o(.data) for SystemCoreClock
    led.o(.text) refers to stm32f10x_rcc.o(.text) for RCC_APB2PeriphClockCmd
    led.o(.text) refers to stm32f10x_gpio.o(.text) for GPIO_Init
    key.o(.text) refers to stm32f10x_rcc.o(.text) for RCC_APB2PeriphClockCmd
    key.o(.text) refers to stm32f10x_gpio.o(.text) for GPIO_Init
    key.o(.text) refers to delay.o(.text) for delay_ms
    key.o(.text) refers to key.o(.data) for key_up
    usart3.o(.text) refers to stm32f10x_rcc.o(.text) for RCC_APB2PeriphClockCmd
    usart3.o(.text) refers to stm32f10x_gpio.o(.text) for GPIO_Init
    usart3.o(.text) refers to misc.o(.text) for NVIC_Init
    usart3.o(.text) refers to stm32f10x_usart.o(.text) for USART_Init
    esp8266.o(.text) refers to _printf_percent.o(.ARM.Collect$$_printf_percent$$00000000) for _printf_percent
    esp8266.o(.text) refers to _printf_d.o(.ARM.Collect$$_printf_percent$$00000009) for _printf_d
    esp8266.o(.text) refers to _printf_dec.o(.text) for _printf_int_dec
    esp8266.o(.text) refers to rt_memclr.o(.text) for __aeabi_memclr
    esp8266.o(.text) refers to strlen.o(.text) for strlen
    esp8266.o(.text) refers to usart3.o(.text) for Usart_SendString
    esp8266.o(.text) refers to strstr.o(.text) for strstr
    esp8266.o(.text) refers to delay.o(.text) for delay_ms
    esp8266.o(.text) refers to noretval__2sprintf.o(.text) for __2sprintf
    esp8266.o(.text) refers to strchr.o(.text) for strchr
    esp8266.o(.text) refers to stm32f10x_rcc.o(.text) for RCC_APB2PeriphClockCmd
    esp8266.o(.text) refers to stm32f10x_gpio.o(.text) for GPIO_Init
    esp8266.o(.text) refers to noretval__2printf.o(.text) for __2printf
    esp8266.o(.text) refers to stm32f10x_usart.o(.text) for USART_GetITStatus
    esp8266.o(.text) refers to esp8266.o(.bss) for esp8266_buf
    esp8266.o(.text) refers to esp8266.o(.data) for esp8266_cnt
    mqttkit.o(.text) refers to _printf_percent.o(.ARM.Collect$$_printf_percent$$00000000) for _printf_percent
    mqttkit.o(.text) refers to _printf_s.o(.ARM.Collect$$_printf_percent$$00000014) for _printf_s
    mqttkit.o(.text) refers to _printf_str.o(.text) for _printf_str
    mqttkit.o(.text) refers to h1_alloc.o(.text) for malloc
    mqttkit.o(.text) refers to h1_free.o(.text) for free
    mqttkit.o(.text) refers to strstr.o(.text) for strstr
    mqttkit.o(.text) refers to strlen.o(.text) for strlen
    mqttkit.o(.text) refers to rt_memclr.o(.text) for __aeabi_memclr
    mqttkit.o(.text) refers to strncat.o(.text) for strncat
    mqttkit.o(.text) refers to rt_memcpy_v6.o(.text) for __aeabi_memcpy
    mqttkit.o(.text) refers to noretval__2sprintf.o(.text) for __2sprintf
    mqttkit.o(.text) refers to strchr.o(.text) for strchr
    onenet.o(.text) refers to _printf_percent.o(.ARM.Collect$$_printf_percent$$00000000) for _printf_percent
    onenet.o(.text) refers to _printf_s.o(.ARM.Collect$$_printf_percent$$00000014) for _printf_s
    onenet.o(.text) refers to _printf_str.o(.text) for _printf_str
    onenet.o(.text) refers to _printf_d.o(.ARM.Collect$$_printf_percent$$00000009) for _printf_d
    onenet.o(.text) refers to _printf_dec.o(.text) for _printf_int_dec
    onenet.o(.text) refers to noretval__2printf.o(.text) for __2printf
    onenet.o(.text) refers to mqttkit.o(.text) for MQTT_PacketConnect
    onenet.o(.text) refers to esp8266.o(.text) for ESP8266_SendData
    onenet.o(.text) refers to strlen.o(.text) for strlen
    onenet.o(.text) refers to strchr.o(.text) for strchr
    onenet.o(.text) refers to atoi.o(.text) for atoi
    onenet.o(.text) refers to onenet.o(.data) for pkt_id
    onenet.o(.text) refers to h1_free.o(.text) for free
    delay.o(.text) refers to misc.o(.text) for SysTick_CLKSourceConfig
    delay.o(.text) refers to system_stm32f10x.o(.data) for SystemCoreClock
    delay.o(.text) refers to delay.o(.data) for fac_us
    usart.o(.text) refers (Special) to use_no_semi_2.o(.text) for __use_no_semihosting
    usart.o(.text) refers to stm32f10x_rcc.o(.text) for RCC_APB2PeriphClockCmd
    usart.o(.text) refers to stm32f10x_gpio.o(.text) for GPIO_Init
[...]
    rtexit2.o(.ARM.exidx) refers to rtexit2.o(.ARM.Collect$$rtexit$$00000004) for .ARM.Collect$$rtexit$$00000004
    defsig.o(CL$$defsig) refers to defsig_rtmem_inner.o(.text) for __rt_SIGRTMEM_inner
    defsig_abrt_inner.o(.text) refers to defsig_general.o(.text) for __default_signal_display
    defsig_fpe_inner.o(.text) refers to defsig_general.o(.text) for __default_signal_display
    defsig_rtred_inner.o(.text) refers to defsig_general.o(.text) for __default_signal_display
    defsig_stak_inner.o(.text) refers to defsig_general.o(.text) for __default_signal_display
    defsig_pvfn_inner.o(.text) refers to defsig_general.o(.text) for __default_signal_display
    defsig_cppl_inner.o(.text) refers to defsig_general.o(.text) for __default_signal_display
    defsig_segv_inner.o(.text) refers to defsig_general.o(.text) for __default_signal_display
    defsig_other.o(.text) refers to defsig_general.o(.text) for __default_signal_display
    libshutdown.o(.ARM.Collect$$libshutdown$$00000000) refers (Special) to libshutdown2.o(.ARM.Collect$$libshutdown$$00000002) for __rt_lib_shutdown_cpp_1
    libshutdown.o(.ARM.Collect$$libshutdown$$00000000) refers (Special) to libshutdown2.o(.ARM.Collect$$libshutdown$$00000007) for __rt_lib_shutdown_fp_trap_1
    libshutdown.o(.ARM.Collect$$libshutdown$$00000000) refers (Special) to libshutdown2.o(.ARM.Collect$$libshutdown$$0000000F) for __rt_lib_shutdown_heap_1
    libshutdown.o(.ARM.Collect$$libshutdown$$00000000) refers (Special) to libshutdown2.o(.ARM.Collect$$libshutdown$$00000010) for __rt_lib_shutdown_return
    libshutdown.o(.ARM.Collect$$libshutdown$$00000000) refers (Special) to libshutdown2.o(.ARM.Collect$$libshutdown$$0000000A) for __rt_lib_shutdown_signal_1
    libshutdown.o(.ARM.Collect$$libshutdown$$00000000) refers (Special) to libshutdown2.o(.ARM.Collect$$libshutdown$$00000004) for __rt_lib_shutdown_stdio_1
    libshutdown.o(.ARM.Collect$$libshutdown$$00000000) refers (Special) to libshutdown2.o(.ARM.Collect$$libshutdown$$0000000C) for __rt_lib_shutdown_user_alloc_1


==============================================================================

Removing Unused input sections from the image.

    Removing sys.o(.emb_text), (6 bytes).
    Removing sys.o(.text), (12 bytes).
    Removing core_cm3.o(.emb_text), (32 bytes).

3 unused section(s) (total 50 bytes) removed from the image.

==============================================================================

Image Symbol Table

    Local Symbols

    Symbol Name                              Value     Ov Type        Size  Object(Section)

    ../clib/angel/boardlib.s                 0x00000000   Number         0  boardinit3.o ABSOLUTE
    ../clib/angel/boardlib.s                 0x00000000   Number         0  boardinit1.o ABSOLUTE
    ../clib/angel/boardlib.s                 0x00000000   Number         0  boardshut.o ABSOLUTE
    ../clib/angel/boardlib.s                 0x00000000   Number         0  boardinit2.o ABSOLUTE
    ../clib/angel/handlers.s                 0x00000000   Number         0  __scatter_zi.o ABSOLUTE
    ../clib/angel/handlers.s                 0x00000000   Number         0  __scatter_copy.o ABSOLUTE
    ../clib/angel/kernel.s                   0x00000000   Number         0  rtexit2.o ABSOLUTE
    ../clib/angel/kernel.s                   0x00000000   Number         0  rtexit.o ABSOLUTE
    ../clib/angel/kernel.s                   0x00000000   Number         0  __rtentry.o ABSOLUTE
    ../clib/angel/kernel.s                   0x00000000   Number         0  __rtentry4.o ABSOLUTE
    ../clib/angel/kernel.s                   0x00000000   Number         0  __rtentry2.o ABSOLUTE
    ../clib/angel/rt.s                       0x00000000   Number         0  rt_errno_addr_intlibspace.o ABSOLUTE
    ../clib/angel/rt.s                       0x00000000   Number         0  rt_errno_addr.o ABSOLUTE
    ../clib/angel/rt.s                       0x00000000   Number         0  rt_heap_descriptor_intlibspace.o ABSOLUTE
    ../clib/angel/rt.s                       0x00000000   Number         0  rt_heap_descriptor.o ABSOLUTE
    ../clib/angel/rt.s                       0x00000000   Number         0  rt_ctype_table.o ABSOLUTE
    ../clib/angel/rt.s                       0x00000000   Number         0  rt_locale_intlibspace.o ABSOLUTE
    ../clib/angel/rt.s                       0x00000000   Number         0  rt_locale.o ABSOLUTE
    ../clib/angel/rt.s                       0x00000000   Number         0  rt_raise.o ABSOLUTE
    ../clib/angel/scatter.s                  0x00000000   Number         0  __scatter.o ABSOLUTE
    ../clib/angel/startup.s                  0x00000000   Number         0  __main.o ABSOLUTE
    ../clib/angel/sys.s                      0x00000000   Number         0  sys_stackheap_outer.o ABSOLUTE
    ../clib/angel/sys.s                      0x00000000   Number         0  use_no_semi_2.o ABSOLUTE
    ../clib/angel/sys.s                      0x00000000   Number         0  indicate_semi.o ABSOLUTE
    ../clib/angel/sys.s                      0x00000000   Number         0  mutex_dummy.o ABSOLUTE
    ../clib/angel/sys.s                      0x00000000   Number         0  libspace.o ABSOLUTE
    ../clib/angel/sys.s                      0x00000000   Number         0  use_no_semi.o ABSOLUTE
    ../clib/angel/sysapp.c                   0x00000000   Number         0  sys_command.o ABSOLUTE
    ../clib/armsys.c                         0x00000000   Number         0  _get_argv.o ABSOLUTE
    ../clib/armsys.c                         0x00000000   Number         0  argv_veneer.o ABSOLUTE
    ../clib/armsys.c                         0x00000000   Number         0  argv_veneer.o ABSOLUTE
    ../clib/armsys.c                         0x00000000   Number         0  _get_argv_nomalloc.o ABSOLUTE
    ../clib/armsys.c                         0x00000000   Number         0  no_argv.o ABSOLUTE
    ../clib/heap1.c                          0x00000000   Number         0  h1_init.o ABSOLUTE
    ../clib/heap1.c                          0x00000000   Number         0  h1_alloc.o ABSOLUTE
    ../clib/heap1.c                          0x00000000   Number         0  h1_init_mt.o ABSOLUTE
    ../clib/heap1.c                          0x00000000   Number         0  h1_extend.o ABSOLUTE
    ../clib/heap1.c                          0x00000000   Number         0  h1_alloc_mt.o ABSOLUTE
    ../clib/heap1.c                          0x00000000   Number         0  h1_free.o ABSOLUTE
    ../clib/heap1.c                          0x00000000   Number         0  h1_free_mt.o ABSOLUTE
    ../clib/heap1.c                          0x00000000   Number         0  h1_extend_mt.o ABSOLUTE
    ../clib/heap1.c                          0x00000000   Number         0  h1_final_mt.o ABSOLUTE
    ../clib/heap1.c                          0x00000000   Number         0  h1_final.o ABSOLUTE
    ../clib/heap2.c                          0x00000000   Number         0  fdtree.o ABSOLUTE
    ../clib/heap2.c                          0x00000000   Number         0  heap2.o ABSOLUTE
    ../clib/heap2.c                          0x00000000   Number         0  heap2mt.o ABSOLUTE
    ../clib/heapalloc.c                      0x00000000   Number         0  malloc.o ABSOLUTE
    ../clib/heapalloc.c                      0x00000000   Number         0  free.o ABSOLUTE
    ../clib/heapalloc.c                      0x00000000   Number         0  maybetermalloc1.o ABSOLUTE
    ../clib/heapalloc.c                      0x00000000   Number         0  maybetermalloc2.o ABSOLUTE
    ../clib/heapalloc.c                      0x00000000   Number         0  maybetermalloc2.o ABSOLUTE
    ../clib/heapalloc.c                      0x00000000   Number         0  heapstubs.o ABSOLUTE
    ../clib/heapalloc.c                      0x00000000   Number         0  maybetermalloc1.o ABSOLUTE
    ../clib/heapalloc.c                      0x00000000   Number         0  init_alloc.o ABSOLUTE
    ../clib/heapalloc.c                      0x00000000   Number         0  hguard.o ABSOLUTE
    ../clib/heapalloc.c                      0x00000000   Number         0  term_alloc.o ABSOLUTE
    ../clib/heapalloc.c                      0x00000000   Number         0  hrguard.o ABSOLUTE
    ../clib/heapaux.c                        0x00000000   Number         0  heapauxa.o ABSOLUTE
    ../clib/heapaux.c                        0x00000000   Number         0  heapauxi.o ABSOLUTE
    ../clib/libinit.s                        0x00000000   Number         0  libinit.o ABSOLUTE
    ../clib/libinit.s                        0x00000000   Number         0  libinit2.o ABSOLUTE
    ../clib/libinit.s                        0x00000000   Number         0  libshutdown.o ABSOLUTE
    ../clib/libinit.s                        0x00000000   Number         0  libshutdown2.o ABSOLUTE
    ../clib/locale.s                         0x00000000   Number         0  lc_ctype_c.o ABSOLUTE
    ../clib/memcpset.s                       0x00000000   Number         0  strcmpv7m.o ABSOLUTE
    ../clib/memcpset.s                       0x00000000   Number         0  rt_memcpy_v6.o ABSOLUTE
    ../clib/memcpset.s                       0x00000000   Number         0  rt_memcpy_w.o ABSOLUTE
    ../clib/memcpset.s                       0x00000000   Number         0  rt_memclr_w.o ABSOLUTE
    ../clib/memcpset.s                       0x00000000   Number         0  rt_memclr.o ABSOLUTE
    ../clib/printf.c                         0x00000000   Number         0  __printf_wp.o ABSOLUTE
    ../clib/printf.c                         0x00000000   Number         0  _printf_intcommon.o ABSOLUTE
    ../clib/printf.c                         0x00000000   Number         0  __printf_flags_wp.o ABSOLUTE
    ../clib/printf.c                         0x00000000   Number         0  _printf_char_common.o ABSOLUTE
    ../clib/printf.c                         0x00000000   Number         0  _printf_char_file.o ABSOLUTE
    ../clib/printf.c                         0x00000000   Number         0  _printf_char.o ABSOLUTE
    ../clib/printf.c                         0x00000000   Number         0  _sputc.o ABSOLUTE
    ../clib/printf.c                         0x00000000   Number         0  __printf_ss_wp.o ABSOLUTE
    ../clib/printf.c                         0x00000000   Number         0  __printf_flags_ss_wp.o ABSOLUTE
    ../clib/printf.c                         0x00000000   Number         0  __printf_nopercent.o ABSOLUTE
    ../clib/printf.c                         0x00000000   Number         0  _printf_str.o ABSOLUTE
    ../clib/printf.c                         0x00000000   Number         0  __2printf.o ABSOLUTE
    ../clib/printf.c                         0x00000000   Number         0  __2sprintf.o ABSOLUTE
    ../clib/printf.c                         0x00000000   Number         0  noretval__2printf.o ABSOLUTE
    ../clib/printf.c                         0x00000000   Number         0  noretval__2sprintf.o ABSOLUTE
    ../clib/printf.c                         0x00000000   Number         0  __printf.o ABSOLUTE
    ../clib/printf.c                         0x00000000   Number         0  _printf_dec.o ABSOLUTE
    ../clib/printf.c                         0x00000000   Number         0  __printf_flags.o ABSOLUTE
    ../clib/printf.c                         0x00000000   Number         0  __printf_ss.o ABSOLUTE
    ../clib/printf.c                         0x00000000   Number         0  __printf_flags_ss.o ABSOLUTE
    ../clib/printf_percent.s                 0x00000000   Number         0  _printf_percent_end.o ABSOLUTE
    ../clib/printf_percent.s                 0x00000000   Number         0  _printf_percent.o ABSOLUTE
    ../clib/printf_percent.s                 0x00000000   Number         0  _printf_d.o ABSOLUTE
    ../clib/printf_percent.s                 0x00000000   Number         0  _printf_s.o ABSOLUTE
    ../clib/scanf.c                          0x00000000   Number         0  strtol.o ABSOLUTE
    ../clib/scanf.c                          0x00000000   Number         0  _strtoul.o ABSOLUTE
    ../clib/scanf.c                          0x00000000   Number         0  _chval.o ABSOLUTE
    ../clib/scanf.c                          0x00000000   Number         0  atoi.o ABSOLUTE
    ../clib/signal.c                         0x00000000   Number         0  defsig_rtmem_outer.o ABSOLUTE
    ../clib/signal.c                         0x00000000   Number         0  defsig_fpe_inner.o ABSOLUTE
    ../clib/signal.c                         0x00000000   Number         0  defsig_rtred_inner.o ABSOLUTE
    ../clib/signal.c                         0x00000000   Number         0  defsig_exit.o ABSOLUTE
    ../clib/signal.c                         0x00000000   Number         0  defsig_other.o ABSOLUTE
    ../clib/signal.c                         0x00000000   Number         0  defsig_abrt_inner.o ABSOLUTE
    ../clib/signal.c                         0x00000000   Number         0  defsig_general.o ABSOLUTE
    ../clib/signal.c                         0x00000000   Number         0  defsig_stak_inner.o ABSOLUTE
    ../clib/signal.c                         0x00000000   Number         0  __raise.o ABSOLUTE
    ../clib/signal.c                         0x00000000   Number         0  defsig_rtmem_inner.o ABSOLUTE
    ../clib/signal.c                         0x00000000   Number         0  defsig_pvfn_inner.o ABSOLUTE
    ../clib/signal.c                         0x00000000   Number         0  defsig_cppl_inner.o ABSOLUTE
    ../clib/signal.c                         0x00000000   Number         0  defsig_rtmem_formal.o ABSOLUTE
    ../clib/signal.c                         0x00000000   Number         0  defsig_segv_inner.o ABSOLUTE
    ../clib/signal.s                         0x00000000   Number         0  defsig.o ABSOLUTE
    ../clib/stdio.c                          0x00000000   Number         0  ferror.o ABSOLUTE
    ../clib/stdio.c                          0x00000000   Number         0  ferror_locked.o ABSOLUTE
    ../clib/stdlib.c                         0x00000000   Number         0  exit.o ABSOLUTE
    ../clib/string.c                         0x00000000   Number         0  strchr.o ABSOLUTE
    ../clib/string.c                         0x00000000   Number         0  strncat.o ABSOLUTE
    ../clib/string.c                         0x00000000   Number         0  strstr.o ABSOLUTE
    ../clib/string.c                         0x00000000   Number         0  strlen.o ABSOLUTE
    ../fplib/fpinit.s                        0x00000000   Number         0  fpinit.o ABSOLUTE
    ..\CORE\core_cm3.c                       0x00000000   Number         0  core_cm3.o ABSOLUTE
    ..\CORE\startup_stm32f10x_hd.s           0x00000000   Number         0  startup_stm32f10x_hd.o ABSOLUTE
    ..\HARDWARE\Esp8266\esp8266.c            0x00000000   Number         0  esp8266.o ABSOLUTE
    ..\HARDWARE\KEY\key.c                    0x00000000   Number         0  key.o ABSOLUTE
    ..\HARDWARE\LED\led.c                    0x00000000   Number         0  led.o ABSOLUTE
    ..\HARDWARE\MQTT\MqttKit.c               0x00000000   Number         0  mqttkit.o ABSOLUTE
    ..\HARDWARE\OneNet\onenet.c              0x00000000   Number         0  onenet.o ABSOLUTE
    ..\HARDWARE\USART3\usart3.c              0x00000000   Number         0  usart3.o ABSOLUTE
    ..\STM32F10x_FWLib\src\misc.c            0x00000000   Number         0  misc.o ABSOLUTE
    ..\STM32F10x_FWLib\src\stm32f10x_gpio.c  0x00000000   Number         0  stm32f10x_gpio.o ABSOLUTE
    ..\STM32F10x_FWLib\src\stm32f10x_rcc.c   0x00000000   Number         0  stm32f10x_rcc.o ABSOLUTE
    ..\STM32F10x_FWLib\src\stm32f10x_usart.c 0x00000000   Number         0  stm32f10x_usart.o ABSOLUTE
    ..\SYSTEM\delay\delay.c                  0x00000000   Number         0  delay.o ABSOLUTE
    ..\SYSTEM\sys\sys.c                      0x00000000   Number         0  sys.o ABSOLUTE
    ..\SYSTEM\usart\usart.c                  0x00000000   Number         0  usart.o ABSOLUTE
    ..\\CORE\\core_cm3.c                     0x00000000   Number         0  core_cm3.o ABSOLUTE
    ..\\SYSTEM\\sys\\sys.c                   0x00000000   Number         0  sys.o ABSOLUTE
    dc.s                                     0x00000000   Number         0  dc.o ABSOLUTE
    main.c                                   0x00000000   Number         0  main.o ABSOLUTE
    stm32f10x_it.c                           0x00000000   Number         0  stm32f10x_it.o ABSOLUTE
    system_stm32f10x.c                       0x00000000   Number         0  system_stm32f10x.o ABSOLUTE
    RESET                                    0x08000000   Section      304  startup_stm32f10x_hd.o(RESET)
    !!!main                                  0x08000130   Section        8  __main.o(!!!main)
    !!!scatter                               0x08000138   Section       52  __scatter.o(!!!scatter)
    !!handler_copy                           0x0800016c   Section       26  __scatter_copy.o(!!handler_copy)
    !!handler_zi                             0x08000188   Section       28  __scatter_zi.o(!!handler_zi)
    .ARM.Collect$$_printf_percent$$00000000  0x080001a4   Section        0  _printf_percent.o(.ARM.Collect$$_printf_percent$$00000000)
    .ARM.Collect$$_printf_percent$$00000009  0x080001a4   Section        6  _printf_d.o(.ARM.Collect$$_printf_percent$$00000009)
    .ARM.Collect$$_printf_percent$$00000014  0x080001aa   Section        6  _printf_s.o(.ARM.Collect$$_printf_percent$$00000014)
    .ARM.Collect$$_printf_percent$$00000017  0x080001b0   Section        4  _printf_percent_end.o(.ARM.Collect$$_printf_percent$$00000017)
    .ARM.Collect$$libinit$$00000000          0x080001b4   Section        2  libinit.o(.ARM.Collect$$libinit$$00000000)
    .ARM.Collect$$libinit$$00000002          0x080001b6   Section        0  libinit2.o(.ARM.Collect$$libinit$$00000002)
    .ARM.Collect$$libinit$$00000004          0x080001b6   Section        0  libinit2.o(.ARM.Collect$$libinit$$00000004)
    .ARM.Collect$$libinit$$00000005          0x080001b6   Section        8  libinit2.o(.ARM.Collect$$libinit$$00000005)
    .ARM.Collect$$libinit$$0000000A          0x080001be   Section        0  libinit2.o(.ARM.Collect$$libinit$$0000000A)
    .ARM.Collect$$libinit$$0000000C          0x080001be   Section        0  libinit2.o(.ARM.Collect$$libinit$$0000000C)
    .ARM.Collect$$libinit$$0000000E          0x080001be   Section        0  libinit2.o(.ARM.Collect$$libinit$$0000000E)
    .ARM.Collect$$libinit$$0000000F          0x080001be   Section        6  libinit2.o(.ARM.Collect$$libinit$$0000000F)
    .ARM.Collect$$libinit$$00000011          0x080001c4   Section        0  libinit2.o(.ARM.Collect$$libinit$$00000011)
    .ARM.Collect$$libinit$$00000012          0x080001c4   Section       12  libinit2.o(.ARM.Collect$$libinit$$00000012)
    .ARM.Collect$$libinit$$00000013          0x080001d0   Section        0  libinit2.o(.ARM.Collect$$libinit$$00000013)
    .ARM.Collect$$libinit$$00000015          0x080001d0   Section        0  libinit2.o(.ARM.Collect$$libinit$$00000015)
    .ARM.Collect$$libinit$$00000017          0x080001d0   Section        0  libinit2.o(.ARM.Collect$$libinit$$00000017)
    .ARM.Collect$$libinit$$00000019          0x080001d0   Section        0  libinit2.o(.ARM.Collect$$libinit$$00000019)
    .ARM.Collect$$libinit$$0000001B          0x080001d0   Section        0  libinit2.o(.ARM.Collect$$libinit$$0000001B)
    .ARM.Collect$$libinit$$0000001D          0x080001d0   Section        0  libinit2.o(.ARM.Collect$$libinit$$0000001D)
    .ARM.Collect$$libinit$$0000001F          0x080001d0   Section        0  libinit2.o(.ARM.Collect$$libinit$$0000001F)
    .ARM.Collect$$libinit$$00000021          0x080001d0   Section        0  libinit2.o(.ARM.Collect$$libinit$$00000021)
    .ARM.Collect$$libinit$$00000023          0x080001d0   Section        0  libinit2.o(.ARM.Collect$$libinit$$00000023)
    .ARM.Collect$$libinit$$00000025          0x080001d0   Section        0  libinit2.o(.ARM.Collect$$libinit$$00000025)
    .ARM.Collect$$libinit$$0000002C          0x080001d0   Section        0  libinit2.o(.ARM.Collect$$libinit$$0000002C)
    .ARM.Collect$$libinit$$0000002E          0x080001d0   Section        0  libinit2.o(.ARM.Collect$$libinit$$0000002E)
    .ARM.Collect$$libinit$$00000030          0x080001d0   Section        0  libinit2.o(.ARM.Collect$$libinit$$00000030)
    .ARM.Collect$$libinit$$00000032          0x080001d0   Section        0  libinit2.o(.ARM.Collect$$libinit$$00000032)
    .ARM.Collect$$libinit$$00000033          0x080001d0   Section        2  libinit2.o(.ARM.Collect$$libinit$$00000033)
    .ARM.Collect$$libshutdown$$00000000      0x080001d2   Section        2  libshutdown.o(.ARM.Collect$$libshutdown$$00000000)
    .ARM.Collect$$libshutdown$$00000002      0x080001d4   Section        0  libshutdown2.o(.ARM.Collect$$libshutdown$$00000002)
    .ARM.Collect$$libshutdown$$00000004      0x080001d4   Section        0  libshutdown2.o(.ARM.Collect$$libshutdown$$00000004)
    .ARM.Collect$$libshutdown$$00000007      0x080001d4   Section        0  libshutdown2.o(.ARM.Collect$$libshutdown$$00000007)
    .ARM.Collect$$libshutdown$$0000000A      0x080001d4   Section        0  libshutdown2.o(.ARM.Collect$$libshutdown$$0000000A)
    .ARM.Collect$$libshutdown$$0000000C      0x080001d4   Section        0  libshutdown2.o(.ARM.Collect$$libshutdown$$0000000C)
    .ARM.Collect$$libshutdown$$0000000F      0x080001d4   Section        0  libshutdown2.o(.ARM.Collect$$libshutdown$$0000000F)
    .ARM.Collect$$libshutdown$$00000010      0x080001d4   Section        2  libshutdown2.o(.ARM.Collect$$libshutdown$$00000010)
    .ARM.Collect$$rtentry$$00000000          0x080001d6   Section        0  __rtentry.o(.ARM.Collect$$rtentry$$00000000)
    .ARM.Collect$$rtentry$$00000002          0x080001d6   Section        0  __rtentry2.o(.ARM.Collect$$rtentry$$00000002)
    .ARM.Collect$$rtentry$$00000004          0x080001d6   Section        6  __rtentry4.o(.ARM.Collect$$rtentry$$00000004)
    .ARM.Collect$$rtentry$$00000009          0x080001dc   Section        0  __rtentry2.o(.ARM.Collect$$rtentry$$00000009)
    .ARM.Collect$$rtentry$$0000000A          0x080001dc   Section        4  __rtentry2.o(.ARM.Collect$$rtentry$$0000000A)
    .ARM.Collect$$rtentry$$0000000C          0x080001e0   Section        0  __rtentry2.o(.ARM.Collect$$rtentry$$0000000C)
    .ARM.Collect$$rtentry$$0000000D          0x080001e0   Section        8  __rtentry2.o(.ARM.Collect$$rtentry$$0000000D)
    .ARM.Collect$$rtexit$$00000000           0x080001e8   Section        2  rtexit.o(.ARM.Collect$$rtexit$$00000000)
    .ARM.Collect$$rtexit$$00000002           0x080001ea   Section        0  rtexit2.o(.ARM.Collect$$rtexit$$00000002)
    .ARM.Collect$$rtexit$$00000003           0x080001ea   Section        4  rtexit2.o(.ARM.Collect$$rtexit$$00000003)
    .ARM.Collect$$rtexit$$00000004           0x080001ee   Section        6  rtexit2.o(.ARM.Collect$$rtexit$$00000004)
    .emb_text                                0x080001f4   Section        0  maybetermalloc1.o(.emb_text)
    .text                                    0x080001f4   Section        0  main.o(.text)
    .text                                    0x080002d4   Section        0  stm32f10x_it.o(.text)
    .text                                    0x080002f0   Section        0  system_stm32f10x.o(.text)
    SetSysClockTo72                          0x080002f1   Thumb Code   214  system_stm32f10x.o(.text)
    SetSysClock                              0x080003c7   Thumb Code     8  system_stm32f10x.o(.text)
    .text                                    0x080004d0   Section        0  led.o(.text)
    .text                                    0x0800051c   Section        0  key.o(.text)
    .text                                    0x08000618   Section        0  usart3.o(.text)
    .text                                    0x080006f0   Section        0  esp8266.o(.text)
    .text                                    0x08000a2c   Section        0  mqttkit.o(.text)
    .text                                    0x08001828   Section        0  onenet.o(.text)
    .text                                    0x08001f00   Section        0  delay.o(.text)
    .text                                    0x08001fd4   Section        0  usart.o(.text)
    .text                                    0x0800211c   Section       64  startup_stm32f10x_hd.o(.text)
    .text                                    0x0800215c   Section        0  misc.o(.text)
    .text                                    0x08002238   Section        0  stm32f10x_gpio.o(.text)
    .text                                    0x08002594   Section        0  stm32f10x_rcc.o(.text)
    .text                                    0x08002938   Section        0  stm32f10x_usart.o(.text)
    .text                                    0x08002d40   Section        2  use_no_semi_2.o(.text)
    .text                                    0x08002d42   Section        0  h1_alloc.o(.text)
    .text                                    0x08002da0   Section        0  h1_free.o(.text)
    .text                                    0x08002df0   Section        0  noretval__2printf.o(.text)
    .text                                    0x08002e08   Section        0  noretval__2sprintf.o(.text)
    .text                                    0x08002e30   Section        0  __printf.o(.text)
    .text                                    0x08002e98   Section        0  _printf_str.o(.text)
    .text                                    0x08002eec   Section        0  _printf_dec.o(.text)
    .text                                    0x08002f64   Section        0  atoi.o(.text)
    .text                                    0x08002f7e   Section        0  strchr.o(.text)
    .text                                    0x08002f92   Section        0  strncat.o(.text)
    .text                                    0x08002fb6   Section        0  strstr.o(.text)
    .text                                    0x08002fda   Section        0  strlen.o(.text)
    .text                                    0x08003018   Section      138  rt_memcpy_v6.o(.text)
    .text                                    0x080030a2   Section       68  rt_memclr.o(.text)
    .text                                    0x080030e6   Section        0  heapauxi.o(.text)
    .text                                    0x080030ec   Section        2  use_no_semi.o(.text)
    .text                                    0x080030f0   Section        8  rt_heap_descriptor_intlibspace.o(.text)
    .text                                    0x080030f8   Section        8  rt_errno_addr_intlibspace.o(.text)
    .text                                    0x08003100   Section        0  hguard.o(.text)
    .text                                    0x08003104   Section        0  init_alloc.o(.text)
    .text                                    0x0800318e   Section        0  h1_init.o(.text)
    .text                                    0x0800319c   Section        0  _printf_intcommon.o(.text)
    .text                                    0x08003250   Section        0  _printf_char_common.o(.text)
    _printf_input_char                       0x08003251   Thumb Code    10  _printf_char_common.o(.text)
    .text                                    0x08003280   Section        0  _sputc.o(.text)
    .text                                    0x0800328a   Section        0  _printf_char.o(.text)
    .text                                    0x080032b8   Section        0  _printf_char_file.o(.text)
    .text                                    0x080032dc   Section        0  strtol.o(.text)
    .text                                    0x0800334c   Section      100  rt_memcpy_w.o(.text)
    .text                                    0x080033b0   Section       78  rt_memclr_w.o(.text)
    .text                                    0x08003400   Section        8  libspace.o(.text)
    .text                                    0x08003408   Section       16  rt_ctype_table.o(.text)
    .text                                    0x08003418   Section        0  h1_extend.o(.text)
    .text                                    0x0800344c   Section        0  _strtoul.o(.text)
    .text                                    0x080034ea   Section        0  ferror.o(.text)
    .text                                    0x080034f2   Section        0  defsig_rtmem_outer.o(.text)
    .text                                    0x08003500   Section       74  sys_stackheap_outer.o(.text)
    .text                                    0x0800354c   Section        8  rt_locale_intlibspace.o(.text)
    .text                                    0x08003554   Section        0  _chval.o(.text)
    .text                                    0x08003570   Section        0  exit.o(.text)
    .text                                    0x08003582   Section        0  defsig_exit.o(.text)
    .text                                    0x0800358c   Section        0  defsig_rtmem_inner.o(.text)
    .text                                    0x080035dc   Section        0  defsig_general.o(.text)
    .text                                    0x08003610   Section      128  strcmpv7m.o(.text)
    locale$$code                             0x08003690   Section       44  lc_ctype_c.o(locale$$code)
    .constdata                               0x080036bc   Section        4  main.o(.constdata)
    .conststring                             0x080036c0   Section        8  main.o(.conststring)
    locale$$data                             0x080036e8   Section      272  lc_ctype_c.o(locale$$data)
    __lcctype_c_name                         0x080036ec   Data           2  lc_ctype_c.o(locale$$data)
    __lcctype_c_start                        0x080036f4   Data           0  lc_ctype_c.o(locale$$data)
    __lcctype_c_end                          0x080037f8   Data           0  lc_ctype_c.o(locale$$data)
    .data                                    0x20000000   Section       20  system_stm32f10x.o(.data)
    .data                                    0x20000014   Section        1  key.o(.data)
    key_up                                   0x20000014   Data           1  key.o(.data)
    .data                                    0x20000016   Section        4  esp8266.o(.data)
    .data                                    0x2000001a   Section        2  onenet.o(.data)
    pkt_id                                   0x2000001a   Data           2  onenet.o(.data)
    .data                                    0x2000001c   Section        4  delay.o(.data)
    fac_us                                   0x2000001c   Data           1  delay.o(.data)
    fac_ms                                   0x2000001e   Data           2  delay.o(.data)
    .data                                    0x20000020   Section        6  usart.o(.data)
    .data                                    0x20000026   Section       20  stm32f10x_rcc.o(.data)
    APBAHBPrescTable                         0x20000026   Data          16  stm32f10x_rcc.o(.data)
    ADCPrescTable                            0x20000036   Data           4  stm32f10x_rcc.o(.data)
    .bss                                     0x2000003c   Section      128  esp8266.o(.bss)
    .bss                                     0x200000bc   Section      200  usart.o(.bss)
    .bss                                     0x20000184   Section       96  libspace.o(.bss)
    HEAP                                     0x200001e8   Section      512  startup_stm32f10x_hd.o(HEAP)
    Heap_Mem                                 0x200001e8   Data         512  startup_stm32f10x_hd.o(HEAP)
    STACK                                    0x200003e8   Section     1024  startup_stm32f10x_hd.o(STACK)
    Stack_Mem                                0x200003e8   Data        1024  startup_stm32f10x_hd.o(STACK)
    __initial_sp                             0x200007e8   Data           0  startup_stm32f10x_hd.o(STACK)

    Global Symbols

    Symbol Name                              Value     Ov Type        Size  Object(Section)

    BuildAttributes$$THM_ISAv4$P$D$K$B$S$PE$A:L22UL41UL21$X:L11$S22US41US21$IEEE1$IW$USESV6$~STKCKD$USESV7$~SHL$OTIME$ROPI$EBA8$UX$STANDARDLIB$REQ8$PRES8$EABIv2 0x00000000   Number         0  anon$$obj.o ABSOLUTE
    __ARM_use_no_argv                        0x00000000   Number         0  main.o ABSOLUTE
    __ARM_exceptions_init                     - Undefined Weak Reference
    __alloca_initialize                       - Undefined Weak Reference
    __arm_preinit_                            - Undefined Weak Reference
    __cpp_initialize__aeabi_                  - Undefined Weak Reference
    __cxa_finalize                            - Undefined Weak Reference
    __sigvec_lookup                           - Undefined Weak Reference
    __user_heap_extent                        - Undefined Weak Reference
    _atexit_init                              - Undefined Weak Reference
    _call_atexit_fns                          - Undefined Weak Reference
    _clock_init                               - Undefined Weak Reference
    _fp_trap_init                             - Undefined Weak Reference
    _fp_trap_shutdown                         - Undefined Weak Reference
    _get_lc_collate                           - Undefined Weak Reference
    _get_lc_monetary                          - Undefined Weak Reference
    _get_lc_numeric                           - Undefined Weak Reference
    _get_lc_time                              - Undefined Weak Reference
    _getenv_init                              - Undefined Weak Reference
    _handle_redirection                       - Undefined Weak Reference
    _initio                                   - Undefined Weak Reference
    _mutex_acquire                            - Undefined Weak Reference
    _mutex_free                               - Undefined Weak Reference
    _mutex_release                            - Undefined Weak Reference
    _printf_mbtowc                            - Undefined Weak Reference
    _printf_post_padding                      - Undefined Weak Reference
    _printf_pre_padding                       - Undefined Weak Reference
    _printf_truncate_signed                   - Undefined Weak Reference
    _printf_truncate_unsigned                 - Undefined Weak Reference
    _rand_init                                - Undefined Weak Reference
    _signal_finish                            - Undefined Weak Reference
    _signal_init                              - Undefined Weak Reference
    _terminateio                              - Undefined Weak Reference
    __Vectors_Size                           0x00000130   Number         0  startup_stm32f10x_hd.o ABSOLUTE
    __Vectors                                0x08000000   Data           4  startup_stm32f10x_hd.o(RESET)
    __Vectors_End                            0x08000130   Data           0  startup_stm32f10x_hd.o(RESET)
    __main                                   0x08000131   Thumb Code     8  __main.o(!!!main)
    __scatterload                            0x08000139   Thumb Code     0  __scatter.o(!!!scatter)
    __scatterload_rt2                        0x08000139   Thumb Code    44  __scatter.o(!!!scatter)
    __scatterload_rt2_thumb_only             0x08000139   Thumb Code     0  __scatter.o(!!!scatter)
    __scatterload_null                       0x08000147   Thumb Code     0  __scatter.o(!!!scatter)
    __scatterload_copy                       0x0800016d   Thumb Code    26  __scatter_copy.o(!!handler_copy)
    __scatterload_zeroinit                   0x08000189   Thumb Code    28  __scatter_zi.o(!!handler_zi)
    _printf_d                                0x080001a5   Thumb Code     0  _printf_d.o(.ARM.Collect$$_printf_percent$$00000009)
    _printf_percent                          0x080001a5   Thumb Code     0  _printf_percent.o(.ARM.Collect$$_printf_percent$$00000000)
    _printf_s                                0x080001ab   Thumb Code     0  _printf_s.o(.ARM.Collect$$_printf_percent$$00000014)
    _printf_percent_end                      0x080001b1   Thumb Code     0  _printf_percent_end.o(.ARM.Collect$$_printf_percent$$00000017)
    __rt_lib_init                            0x080001b5   Thumb Code     0  libinit.o(.ARM.Collect$$libinit$$00000000)
    __rt_lib_init_fp_1                       0x080001b7   Thumb Code     0  libinit2.o(.ARM.Collect$$libinit$$00000002)
    __rt_lib_init_heap_2                     0x080001b7   Thumb Code     0  libinit2.o(.ARM.Collect$$libinit$$00000005)
    __rt_lib_init_preinit_1                  0x080001b7   Thumb Code     0  libinit2.o(.ARM.Collect$$libinit$$00000004)
    __rt_lib_init_heap_1                     0x080001bf   Thumb Code     0  libinit2.o(.ARM.Collect$$libinit$$0000000A)
    __rt_lib_init_lc_common                  0x080001bf   Thumb Code     0  libinit2.o(.ARM.Collect$$libinit$$0000000F)
    __rt_lib_init_rand_1                     0x080001bf   Thumb Code     0  libinit2.o(.ARM.Collect$$libinit$$0000000E)
    __rt_lib_init_user_alloc_1               0x080001bf   Thumb Code     0  libinit2.o(.ARM.Collect$$libinit$$0000000C)
    __rt_lib_init_lc_collate_1               0x080001c5   Thumb Code     0  libinit2.o(.ARM.Collect$$libinit$$00000011)
    __rt_lib_init_lc_ctype_2                 0x080001c5   Thumb Code     0  libinit2.o(.ARM.Collect$$libinit$$00000012)
    __rt_lib_init_alloca_1                   0x080001d1   Thumb Code     0  libinit2.o(.ARM.Collect$$libinit$$0000002E)
    __rt_lib_init_argv_1                     0x080001d1   Thumb Code     0  libinit2.o(.ARM.Collect$$libinit$$0000002C)
    __rt_lib_init_atexit_1                   0x080001d1   Thumb Code     0  libinit2.o(.ARM.Collect$$libinit$$0000001B)
    __rt_lib_init_clock_1                    0x080001d1   Thumb Code     0  libinit2.o(.ARM.Collect$$libinit$$00000021)
    __rt_lib_init_cpp_1                      0x080001d1   Thumb Code     0  libinit2.o(.ARM.Collect$$libinit$$00000032)
    __rt_lib_init_exceptions_1               0x080001d1   Thumb Code     0  libinit2.o(.ARM.Collect$$libinit$$00000030)
    __rt_lib_init_fp_trap_1                  0x080001d1   Thumb Code     0  libinit2.o(.ARM.Collect$$libinit$$0000001F)
    __rt_lib_init_getenv_1                   0x080001d1   Thumb Code     0  libinit2.o(.ARM.Collect$$libinit$$00000023)
    __rt_lib_init_lc_ctype_1                 0x080001d1   Thumb Code     0  libinit2.o(.ARM.Collect$$libinit$$00000013)
    __rt_lib_init_lc_monetary_1              0x080001d1   Thumb Code     0  libinit2.o(.ARM.Collect$$libinit$$00000015)
    __rt_lib_init_lc_numeric_1               0x080001d1   Thumb Code     0  libinit2.o(.ARM.Collect$$libinit$$00000017)
    __rt_lib_init_lc_time_1                  0x080001d1   Thumb Code     0  libinit2.o(.ARM.Collect$$libinit$$00000019)
    __rt_lib_init_return                     0x080001d1   Thumb Code     0  libinit2.o(.ARM.Collect$$libinit$$00000033)
    __rt_lib_init_signal_1                   0x080001d1   Thumb Code     0  libinit2.o(.ARM.Collect$$libinit$$0000001D)
    __rt_lib_init_stdio_1                    0x080001d1   Thumb Code     0  libinit2.o(.ARM.Collect$$libinit$$00000025)
    __rt_lib_shutdown                        0x080001d3   Thumb Code     0  libshutdown.o(.ARM.Collect$$libshutdown$$00000000)
    __rt_lib_shutdown_cpp_1                  0x080001d5   Thumb Code     0  libshutdown2.o(.ARM.Collect$$libshutdown$$00000002)
    __rt_lib_shutdown_fp_trap_1              0x080001d5   Thumb Code     0  libshutdown2.o(.ARM.Collect$$libshutdown$$00000007)
    __rt_lib_shutdown_heap_1                 0x080001d5   Thumb Code     0  libshutdown2.o(.ARM.Collect$$libshutdown$$0000000F)
    __rt_lib_shutdown_return                 0x080001d5   Thumb Code     0  libshutdown2.o(.ARM.Collect$$libshutdown$$00000010)
    __rt_lib_shutdown_signal_1               0x080001d5   Thumb Code     0  libshutdown2.o(.ARM.Collect$$libshutdown$$0000000A)
    __rt_lib_shutdown_stdio_1                0x080001d5   Thumb Code     0  libshutdown2.o(.ARM.Collect$$libshutdown$$00000004)
    __rt_lib_shutdown_user_alloc_1           0x080001d5   Thumb Code     0  libshutdown2.o(.ARM.Collect$$libshutdown$$0000000C)
    __rt_entry                               0x080001d7   Thumb Code     0  __rtentry.o(.ARM.Collect$$rtentry$$00000000)
    __rt_entry_presh_1                       0x080001d7   Thumb Code     0  __rtentry2.o(.ARM.Collect$$rtentry$$00000002)
    __rt_entry_sh                            0x080001d7   Thumb Code     0  __rtentry4.o(.ARM.Collect$$rtentry$$00000004)
    __rt_entry_li                            0x080001dd   Thumb Code     0  __rtentry2.o(.ARM.Collect$$rtentry$$0000000A)
    __rt_entry_postsh_1                      0x080001dd   Thumb Code     0  __rtentry2.o(.ARM.Collect$$rtentry$$00000009)
    __rt_entry_main                          0x080001e1   Thumb Code     0  __rtentry2.o(.ARM.Collect$$rtentry$$0000000D)
    __rt_entry_postli_1                      0x080001e1   Thumb Code     0  __rtentry2.o(.ARM.Collect$$rtentry$$0000000C)
    __rt_exit                                0x080001e9   Thumb Code     0  rtexit.o(.ARM.Collect$$rtexit$$00000000)
    __rt_exit_ls                             0x080001eb   Thumb Code     0  rtexit2.o(.ARM.Collect$$rtexit$$00000003)
    __rt_exit_prels_1                        0x080001eb   Thumb Code     0  rtexit2.o(.ARM.Collect$$rtexit$$00000002)
    __rt_exit_exit                           0x080001ef   Thumb Code     0  rtexit2.o(.ARM.Collect$$rtexit$$00000004)
    _maybe_terminate_alloc                   0x080001f5   Thumb Code     0  maybetermalloc1.o(.emb_text)
    main                                     0x080001f5   Thumb Code   168  main.o(.text)
    NMI_Handler                              0x080002d5   Thumb Code     2  stm32f10x_it.o(.text)
    HardFault_Handler                        0x080002d7   Thumb Code     4  stm32f10x_it.o(.text)
    MemManage_Handler                        0x080002db   Thumb Code     4  stm32f10x_it.o(.text)
    BusFault_Handler                         0x080002df   Thumb Code     4  stm32f10x_it.o(.text)
    UsageFault_Handler                       0x080002e3   Thumb Code     4  stm32f10x_it.o(.text)
    SVC_Handler                              0x080002e7   Thumb Code     2  stm32f10x_it.o(.text)
    DebugMon_Handler                         0x080002e9   Thumb Code     2  stm32f10x_it.o(.text)
    PendSV_Handler                           0x080002eb   Thumb Code     2  stm32f10x_it.o(.text)
    SysTick_Handler                          0x080002ed   Thumb Code     2  stm32f10x_it.o(.text)
    SystemInit                               0x080003cf   Thumb Code    78  system_stm32f10x.o(.text)
    SystemCoreClockUpdate                    0x0800041d   Thumb Code   142  system_stm32f10x.o(.text)
    LED_Init                                 0x080004d1   Thumb Code    68  led.o(.text)
    KEY_Init                                 0x0800051d   Thumb Code    52  key.o(.text)
    KEY_Scan                                 0x08000551   Thumb Code   188  key.o(.text)
    uart3_init                               0x08000619   Thumb Code   158  usart3.o(.text)
    Usart_SendString                         0x080006b7   Thumb Code    50  usart3.o(.text)
    ESP8266_Clear                            0x080006f1   Thumb Code    18  esp8266.o(.text)
    ESP8266_WaitRecive                       0x08000703   Thumb Code    42  esp8266.o(.text)
    ESP8266_SendCmd                          0x0800072d   Thumb Code    76  esp8266.o(.text)
    ESP8266_SendData                         0x08000779   Thumb Code    46  esp8266.o(.text)
    ESP8266_GetIPD                           0x080007a7   Thumb Code    68  esp8266.o(.text)
    ESP8266_Init                             0x080007eb   Thumb Code   224  esp8266.o(.text)
    USART3_IRQHandler                        0x080008cb   Thumb Code    62  esp8266.o(.text)
    MQTT_NewBuffer                           0x08000a2d   Thumb Code    88  mqttkit.o(.text)
    MQTT_DeleteBuffer                        0x08000a85   Thumb Code    28  mqttkit.o(.text)
    MQTT_DumpLength                          0x08000aa1   Thumb Code    46  mqttkit.o(.text)
    MQTT_ReadLength                          0x08000acf   Thumb Code    70  mqttkit.o(.text)
    MQTT_UnPacketRecv                        0x08000b15   Thumb Code   106  mqttkit.o(.text)
    MQTT_PacketConnect                       0x08000b7f   Thumb Code   666  mqttkit.o(.text)
    MQTT_PacketDisConnect                    0x08000e19   Thumb Code    48  mqttkit.o(.text)
    MQTT_UnPacketConnectAck                  0x08000e49   Thumb Code    30  mqttkit.o(.text)
    MQTT_PacketPublish                       0x08000e67   Thumb Code   452  mqttkit.o(.text)
    MQTT_PacketSaveData                      0x0800102b   Thumb Code    88  mqttkit.o(.text)
    MQTT_PacketSaveBinData                   0x08001083   Thumb Code   192  mqttkit.o(.text)
    MQTT_UnPacketCmd                         0x08001143   Thumb Code   140  mqttkit.o(.text)
    MQTT_PacketCmdResp                       0x080011cf   Thumb Code   132  mqttkit.o(.text)
    MQTT_PacketSubscribe                     0x08001253   Thumb Code   254  mqttkit.o(.text)
    MQTT_UnPacketSubscribe                   0x08001351   Thumb Code    52  mqttkit.o(.text)
    MQTT_PacketUnSubscribe                   0x08001385   Thumb Code   268  mqttkit.o(.text)
    MQTT_UnPacketUnSubscribe                 0x08001491   Thumb Code    18  mqttkit.o(.text)
    MQTT_UnPacketPublish                     0x080014a3   Thumb Code   440  mqttkit.o(.text)
    MQTT_PacketPublishAck                    0x0800165b   Thumb Code    72  mqttkit.o(.text)
    MQTT_UnPacketPublishAck                  0x080016a3   Thumb Code    30  mqttkit.o(.text)
    MQTT_PacketPublishRec                    0x080016c1   Thumb Code    72  mqttkit.o(.text)
    MQTT_UnPacketPublishRec                  0x08001709   Thumb Code    30  mqttkit.o(.text)
    MQTT_PacketPublishRel                    0x08001727   Thumb Code    72  mqttkit.o(.text)
    MQTT_UnPacketPublishRel                  0x0800176f   Thumb Code    36  mqttkit.o(.text)
    MQTT_PacketPublishComp                   0x08001793   Thumb Code    72  mqttkit.o(.text)
    MQTT_UnPacketPublishComp                 0x080017db   Thumb Code    30  mqttkit.o(.text)
    MQTT_PacketPing                          0x080017f9   Thumb Code    48  mqttkit.o(.text)
    OneNet_DevLink                           0x08001829   Thumb Code   192  onenet.o(.text)
    OneNet_Subscribe                         0x080018e9   Thumb Code    78  onenet.o(.text)
    OneNet_Publish                           0x08001937   Thumb Code    84  onenet.o(.text)
    OneNet_RevPro                            0x0800198b   Thumb Code  1396  onenet.o(.text)
    delay_init                               0x08001f01   Thumb Code    50  delay.o(.text)
    delay_us                                 0x08001f33   Thumb Code    72  delay.o(.text)
    delay_ms                                 0x08001f7b   Thumb Code    72  delay.o(.text)
    _sys_exit                                0x08001fd5   Thumb Code     6  usart.o(.text)
    _ttywrch                                 0x08001fdb   Thumb Code     6  usart.o(.text)
    fputc                                    0x08001fe1   Thumb Code    24  usart.o(.text)
    uart_init                                0x08001ff9   Thumb Code   152  usart.o(.text)
    USART1_IRQHandler                        0x08002091   Thumb Code   122  usart.o(.text)
    Reset_Handler                            0x0800211d   Thumb Code     8  startup_stm32f10x_hd.o(.text)
    ADC1_2_IRQHandler                        0x08002137   Thumb Code     0  startup_stm32f10x_hd.o(.text)
    ADC3_IRQHandler                          0x08002137   Thumb Code     0  startup_stm32f10x_hd.o(.text)
    CAN1_RX1_IRQHandler                      0x08002137   Thumb Code     0  startup_stm32f10x_hd.o(.text)
    CAN1_SCE_IRQHandler                      0x08002137   Thumb Code     0  startup_stm32f10x_hd.o(.text)
    DMA1_Channel1_IRQHandler                 0x08002137   Thumb Code     0  startup_stm32f10x_hd.o(.text)
    DMA1_Channel2_IRQHandler                 0x08002137   Thumb Code     0  startup_stm32f10x_hd.o(.text)
    DMA1_Channel3_IRQHandler                 0x08002137   Thumb Code     0  startup_stm32f10x_hd.o(.text)
    DMA1_Channel4_IRQHandler                 0x08002137   Thumb Code     0  startup_stm32f10x_hd.o(.text)
    DMA1_Channel5_IRQHandler                 0x08002137   Thumb Code     0  startup_stm32f10x_hd.o(.text)
    DMA1_Channel6_IRQHandler                 0x08002137   Thumb Code     0  startup_stm32f10x_hd.o(.text)
    DMA1_Channel7_IRQHandler                 0x08002137   Thumb Code     0  startup_stm32f10x_hd.o(.text)
    DMA2_Channel1_IRQHandler                 0x08002137   Thumb Code     0  startup_stm32f10x_hd.o(.text)
    DMA2_Channel2_IRQHandler                 0x08002137   Thumb Code     0  startup_stm32f10x_hd.o(.text)
    DMA2_Channel3_IRQHandler                 0x08002137   Thumb Code     0  startup_stm32f10x_hd.o(.text)
    DMA2_Channel4_5_IRQHandler               0x08002137   Thumb Code     0  startup_stm32f10x_hd.o(.text)
    EXTI0_IRQHandler                         0x08002137   Thumb Code     0  startup_stm32f10x_hd.o(.text)
    EXTI15_10_IRQHandler                     0x08002137   Thumb Code     0  startup_stm32f10x_hd.o(.text)
    EXTI1_IRQHandler                         0x08002137   Thumb Code     0  startup_stm32f10x_hd.o(.text)
    EXTI2_IRQHandler                         0x08002137   Thumb Code     0  startup_stm32f10x_hd.o(.text)
    EXTI3_IRQHandler                         0x08002137   Thumb Code     0  startup_stm32f10x_hd.o(.text)
    EXTI4_IRQHandler                         0x08002137   Thumb Code     0  startup_stm32f10x_hd.o(.text)
    EXTI9_5_IRQHandler                       0x08002137   Thumb Code     0  startup_stm32f10x_hd.o(.text)
    FLASH_IRQHandler                         0x08002137   Thumb Code     0  startup_stm32f10x_hd.o(.text)
    FSMC_IRQHandler                          0x08002137   Thumb Code     0  startup_stm32f10x_hd.o(.text)
    I2C1_ER_IRQHandler                       0x08002137   Thumb Code     0  startup_stm32f10x_hd.o(.text)
    I2C1_EV_IRQHandler                       0x08002137   Thumb Code     0  startup_stm32f10x_hd.o(.text)
    I2C2_ER_IRQHandler                       0x08002137   Thumb Code     0  startup_stm32f10x_hd.o(.text)
    I2C2_EV_IRQHandler                       0x08002137   Thumb Code     0  startup_stm32f10x_hd.o(.text)
    PVD_IRQHandler                           0x08002137   Thumb Code     0  startup_stm32f10x_hd.o(.text)
    RCC_IRQHandler                           0x08002137   Thumb Code     0  startup_stm32f10x_hd.o(.text)
    RTCAlarm_IRQHandler                      0x08002137   Thumb Code     0  startup_stm32f10x_hd.o(.text)
    RTC_IRQHandler                           0x08002137   Thumb Code     0  startup_stm32f10x_hd.o(.text)
    SDIO_IRQHandler                          0x08002137   Thumb Code     0  startup_stm32f10x_hd.o(.text)
    SPI1_IRQHandler                          0x08002137   Thumb Code     0  startup_stm32f10x_hd.o(.text)
    SPI2_IRQHandler                          0x08002137   Thumb Code     0  startup_stm32f10x_hd.o(.text)
    SPI3_IRQHandler                          0x08002137   Thumb Code     0  startup_stm32f10x_hd.o(.text)
    TAMPER_IRQHandler                        0x08002137   Thumb Code     0  startup_stm32f10x_hd.o(.text)
    TIM1_BRK_IRQHandler                      0x08002137   Thumb Code     0  startup_stm32f10x_hd.o(.text)
    TIM1_CC_IRQHandler                       0x08002137   Thumb Code     0  startup_stm32f10x_hd.o(.text)
    TIM1_TRG_COM_IRQHandler                  0x08002137   Thumb Code     0  startup_stm32f10x_hd.o(.text)
    TIM1_UP_IRQHandler                       0x08002137   Thumb Code     0  startup_stm32f10x_hd.o(.text)
    TIM2_IRQHandler                          0x08002137   Thumb Code     0  startup_stm32f10x_hd.o(.text)
    TIM3_IRQHandler                          0x08002137   Thumb Code     0  startup_stm32f10x_hd.o(.text)
    TIM4_IRQHandler                          0x08002137   Thumb Code     0  startup_stm32f10x_hd.o(.text)
    TIM5_IRQHandler                          0x08002137   Thumb Code     0  startup_stm32f10x_hd.o(.text)
    TIM6_IRQHandler                          0x08002137   Thumb Code     0  startup_stm32f10x_hd.o(.text)
    TIM7_IRQHandler                          0x08002137   Thumb Code     0  startup_stm32f10x_hd.o(.text)
    TIM8_BRK_IRQHandler                      0x08002137   Thumb Code     0  startup_stm32f10x_hd.o(.text)
    TIM8_CC_IRQHandler                       0x08002137   Thumb Code     0  startup_stm32f10x_hd.o(.text)
    TIM8_TRG_COM_IRQHandler                  0x08002137   Thumb Code     0  startup_stm32f10x_hd.o(.text)
    TIM8_UP_IRQHandler                       0x08002137   Thumb Code     0  startup_stm32f10x_hd.o(.text)
    UART4_IRQHandler                         0x08002137   Thumb Code     0  startup_stm32f10x_hd.o(.text)
    UART5_IRQHandler                         0x08002137   Thumb Code     0  startup_stm32f10x_hd.o(.text)
    USART2_IRQHandler                        0x08002137   Thumb Code     0  startup_stm32f10x_hd.o(.text)
    USBWakeUp_IRQHandler                     0x08002137   Thumb Code     0  startup_stm32f10x_hd.o(.text)
    USB_HP_CAN1_TX_IRQHandler                0x08002137   Thumb Code     0  startup_stm32f10x_hd.o(.text)
    USB_LP_CAN1_RX0_IRQHandler               0x08002137   Thumb Code     0  startup_stm32f10x_hd.o(.text)
    WWDG_IRQHandler                          0x08002137   Thumb Code     0  startup_stm32f10x_hd.o(.text)
    __user_initial_stackheap                 0x08002139   Thumb Code     0  startup_stm32f10x_hd.o(.text)
    NVIC_PriorityGroupConfig                 0x0800215d   Thumb Code    10  misc.o(.text)
    NVIC_Init                                0x08002167   Thumb Code   100  misc.o(.text)
    NVIC_SetVectorTable                      0x080021cb   Thumb Code    14  misc.o(.text)
    NVIC_SystemLPConfig                      0x080021d9   Thumb Code    34  misc.o(.text)
    SysTick_CLKSourceConfig                  0x080021fb   Thumb Code    40  misc.o(.text)
    GPIO_DeInit                              0x08002239   Thumb Code   172  stm32f10x_gpio.o(.text)
    GPIO_AFIODeInit                          0x080022e5   Thumb Code    20  stm32f10x_gpio.o(.text)
    GPIO_Init                                0x080022f9   Thumb Code   278  stm32f10x_gpio.o(.text)
    GPIO_StructInit                          0x0800240f   Thumb Code    16  stm32f10x_gpio.o(.text)
    GPIO_ReadInputDataBit                    0x0800241f   Thumb Code    18  stm32f10x_gpio.o(.text)
    GPIO_ReadInputData                       0x08002431   Thumb Code     8  stm32f10x_gpio.o(.text)
    GPIO_ReadOutputDataBit                   0x08002439   Thumb Code    18  stm32f10x_gpio.o(.text)
    GPIO_ReadOutputData                      0x0800244b   Thumb Code     8  stm32f10x_gpio.o(.text)
    GPIO_SetBits                             0x08002453   Thumb Code     4  stm32f10x_gpio.o(.text)
    GPIO_ResetBits                           0x08002457   Thumb Code     4  stm32f10x_gpio.o(.text)
    GPIO_WriteBit                            0x0800245b   Thumb Code    10  stm32f10x_gpio.o(.text)
    GPIO_Write                               0x08002465   Thumb Code     4  stm32f10x_gpio.o(.text)
    GPIO_PinLockConfig                       0x08002469   Thumb Code    18  stm32f10x_gpio.o(.text)
    GPIO_EventOutputConfig                   0x0800247b   Thumb Code    26  stm32f10x_gpio.o(.text)
    GPIO_EventOutputCmd                      0x08002495   Thumb Code     6  stm32f10x_gpio.o(.text)
    GPIO_PinRemapConfig                      0x0800249b   Thumb Code   138  stm32f10x_gpio.o(.text)
    GPIO_EXTILineConfig                      0x08002525   Thumb Code    66  stm32f10x_gpio.o(.text)
    GPIO_ETH_MediaInterfaceConfig            0x08002567   Thumb Code     8  stm32f10x_gpio.o(.text)
    RCC_DeInit                               0x08002595   Thumb Code    64  stm32f10x_rcc.o(.text)
    RCC_HSEConfig                            0x080025d5   Thumb Code    70  stm32f10x_rcc.o(.text)
    RCC_GetFlagStatus                        0x0800261b   Thumb Code    56  stm32f10x_rcc.o(.text)
    RCC_WaitForHSEStartUp                    0x08002653   Thumb Code    56  stm32f10x_rcc.o(.text)
    RCC_AdjustHSICalibrationValue            0x0800268b   Thumb Code    20  stm32f10x_rcc.o(.text)
    RCC_HSICmd                               0x0800269f   Thumb Code     6  stm32f10x_rcc.o(.text)
    RCC_PLLConfig                            0x080026a5   Thumb Code    24  stm32f10x_rcc.o(.text)
    RCC_PLLCmd                               0x080026bd   Thumb Code     6  stm32f10x_rcc.o(.text)
    RCC_SYSCLKConfig                         0x080026c3   Thumb Code    18  stm32f10x_rcc.o(.text)
    RCC_GetSYSCLKSource                      0x080026d5   Thumb Code    10  stm32f10x_rcc.o(.text)
    RCC_HCLKConfig                           0x080026df   Thumb Code    18  stm32f10x_rcc.o(.text)
    RCC_PCLK1Config                          0x080026f1   Thumb Code    18  stm32f10x_rcc.o(.text)
    RCC_PCLK2Config                          0x08002703   Thumb Code    20  stm32f10x_rcc.o(.text)
    RCC_ITConfig                             0x08002717   Thumb Code    26  stm32f10x_rcc.o(.text)
    RCC_USBCLKConfig                         0x08002731   Thumb Code     8  stm32f10x_rcc.o(.text)
    RCC_ADCCLKConfig                         0x08002739   Thumb Code    18  stm32f10x_rcc.o(.text)
    RCC_LSEConfig                            0x0800274b   Thumb Code    50  stm32f10x_rcc.o(.text)
    RCC_LSICmd                               0x0800277d   Thumb Code     6  stm32f10x_rcc.o(.text)
    RCC_RTCCLKConfig                         0x08002783   Thumb Code    12  stm32f10x_rcc.o(.text)
    RCC_RTCCLKCmd                            0x0800278f   Thumb Code     8  stm32f10x_rcc.o(.text)
    RCC_GetClocksFreq                        0x08002797   Thumb Code   192  stm32f10x_rcc.o(.text)
    RCC_AHBPeriphClockCmd                    0x08002857   Thumb Code    26  stm32f10x_rcc.o(.text)
    RCC_APB2PeriphClockCmd                   0x08002871   Thumb Code    26  stm32f10x_rcc.o(.text)
    RCC_APB1PeriphClockCmd                   0x0800288b   Thumb Code    26  stm32f10x_rcc.o(.text)
    RCC_APB2PeriphResetCmd                   0x080028a5   Thumb Code    26  stm32f10x_rcc.o(.text)
    RCC_APB1PeriphResetCmd                   0x080028bf   Thumb Code    26  stm32f10x_rcc.o(.text)
    RCC_BackupResetCmd                       0x080028d9   Thumb Code     8  stm32f10x_rcc.o(.text)
    RCC_ClockSecuritySystemCmd               0x080028e1   Thumb Code     6  stm32f10x_rcc.o(.text)
    RCC_MCOConfig                            0x080028e7   Thumb Code     6  stm32f10x_rcc.o(.text)
    RCC_ClearFlag                            0x080028ed   Thumb Code    14  stm32f10x_rcc.o(.text)
    RCC_GetITStatus                          0x080028fb   Thumb Code    20  stm32f10x_rcc.o(.text)
    RCC_ClearITPendingBit                    0x0800290f   Thumb Code     6  stm32f10x_rcc.o(.text)
    USART_DeInit                             0x08002939   Thumb Code   134  stm32f10x_usart.o(.text)
    USART_Init                               0x080029bf   Thumb Code   210  stm32f10x_usart.o(.text)
    USART_StructInit                         0x08002a91   Thumb Code    24  stm32f10x_usart.o(.text)
    USART_ClockInit                          0x08002aa9   Thumb Code    34  stm32f10x_usart.o(.text)
    USART_ClockStructInit                    0x08002acb   Thumb Code    12  stm32f10x_usart.o(.text)
    USART_Cmd                                0x08002ad7   Thumb Code    24  stm32f10x_usart.o(.text)
    USART_ITConfig                           0x08002aef   Thumb Code    74  stm32f10x_usart.o(.text)
    USART_DMACmd                             0x08002b39   Thumb Code    18  stm32f10x_usart.o(.text)
    USART_SetAddress                         0x08002b4b   Thumb Code    18  stm32f10x_usart.o(.text)
    USART_WakeUpConfig                       0x08002b5d   Thumb Code    18  stm32f10x_usart.o(.text)
    USART_ReceiverWakeUpCmd                  0x08002b6f   Thumb Code    24  stm32f10x_usart.o(.text)
    USART_LINBreakDetectLengthConfig         0x08002b87   Thumb Code    18  stm32f10x_usart.o(.text)
    USART_LINCmd                             0x08002b99   Thumb Code    24  stm32f10x_usart.o(.text)
    USART_SendData                           0x08002bb1   Thumb Code     8  stm32f10x_usart.o(.text)
    USART_ReceiveData                        0x08002bb9   Thumb Code    10  stm32f10x_usart.o(.text)
    USART_SendBreak                          0x08002bc3   Thumb Code    10  stm32f10x_usart.o(.text)
    USART_SetGuardTime                       0x08002bcd   Thumb Code    16  stm32f10x_usart.o(.text)
    USART_SetPrescaler                       0x08002bdd   Thumb Code    16  stm32f10x_usart.o(.text)
    USART_SmartCardCmd                       0x08002bed   Thumb Code    24  stm32f10x_usart.o(.text)
    USART_SmartCardNACKCmd                   0x08002c05   Thumb Code    24  stm32f10x_usart.o(.text)
    USART_HalfDuplexCmd                      0x08002c1d   Thumb Code    24  stm32f10x_usart.o(.text)
    USART_OverSampling8Cmd                   0x08002c35   Thumb Code    22  stm32f10x_usart.o(.text)
    USART_OneBitMethodCmd                    0x08002c4b   Thumb Code    24  stm32f10x_usart.o(.text)
    USART_IrDAConfig                         0x08002c63   Thumb Code    18  stm32f10x_usart.o(.text)
    USART_IrDACmd                            0x08002c75   Thumb Code    24  stm32f10x_usart.o(.text)
    USART_GetFlagStatus                      0x08002c8d   Thumb Code    26  stm32f10x_usart.o(.text)
    USART_ClearFlag                          0x08002ca7   Thumb Code    18  stm32f10x_usart.o(.text)
    USART_GetITStatus                        0x08002cb9   Thumb Code    84  stm32f10x_usart.o(.text)
    USART_ClearITPendingBit                  0x08002d0d   Thumb Code    52  stm32f10x_usart.o(.text)
    __use_no_semihosting                     0x08002d41   Thumb Code     2  use_no_semi_2.o(.text)
    malloc                                   0x08002d43   Thumb Code    94  h1_alloc.o(.text)
    free                                     0x08002da1   Thumb Code    78  h1_free.o(.text)
    __2printf                                0x08002df1   Thumb Code    20  noretval__2printf.o(.text)
    __2sprintf                               0x08002e09   Thumb Code    34  noretval__2sprintf.o(.text)
    __printf                                 0x08002e31   Thumb Code   104  __printf.o(.text)
    _printf_str                              0x08002e99   Thumb Code    82  _printf_str.o(.text)
    _printf_int_dec                          0x08002eed   Thumb Code   104  _printf_dec.o(.text)
    atoi                                     0x08002f65   Thumb Code    26  atoi.o(.text)
    strchr                                   0x08002f7f   Thumb Code    20  strchr.o(.text)
    strncat                                  0x08002f93   Thumb Code    36  strncat.o(.text)
    strstr                                   0x08002fb7   Thumb Code    36  strstr.o(.text)
    strlen                                   0x08002fdb   Thumb Code    62  strlen.o(.text)
    __aeabi_memcpy                           0x08003019   Thumb Code     0  rt_memcpy_v6.o(.text)
    __rt_memcpy                              0x08003019   Thumb Code   138  rt_memcpy_v6.o(.text)
    _memcpy_lastbytes                        0x0800307f   Thumb Code     0  rt_memcpy_v6.o(.text)
    __aeabi_memclr                           0x080030a3   Thumb Code     0  rt_memclr.o(.text)
    __rt_memclr                              0x080030a3   Thumb Code    68  rt_memclr.o(.text)
    _memset                                  0x080030a7   Thumb Code     0  rt_memclr.o(.text)
    __use_two_region_memory                  0x080030e7   Thumb Code     2  heapauxi.o(.text)
    __rt_heap_escrow                         0x080030e9   Thumb Code     2  heapauxi.o(.text)
    __rt_heap_expand                         0x080030eb   Thumb Code     2  heapauxi.o(.text)
    __I$use$semihosting                      0x080030ed   Thumb Code     0  use_no_semi.o(.text)
    __use_no_semihosting_swi                 0x080030ed   Thumb Code     2  use_no_semi.o(.text)
    __rt_heap_descriptor                     0x080030f1   Thumb Code     8  rt_heap_descriptor_intlibspace.o(.text)
    __aeabi_errno_addr                       0x080030f9   Thumb Code     8  rt_errno_addr_intlibspace.o(.text)
    __errno$intlibspace                      0x080030f9   Thumb Code     0  rt_errno_addr_intlibspace.o(.text)
    __rt_errno_addr$intlibspace              0x080030f9   Thumb Code     0  rt_errno_addr_intlibspace.o(.text)
    __use_no_heap                            0x08003101   Thumb Code     2  hguard.o(.text)
    __heap$guard                             0x08003103   Thumb Code     2  hguard.o(.text)
    _terminate_user_alloc                    0x08003105   Thumb Code     2  init_alloc.o(.text)
    _init_user_alloc                         0x08003107   Thumb Code     2  init_alloc.o(.text)
    __Heap_Full                              0x08003109   Thumb Code    34  init_alloc.o(.text)
    __Heap_Broken                            0x0800312b   Thumb Code     6  init_alloc.o(.text)
    _init_alloc                              0x08003131   Thumb Code    94  init_alloc.o(.text)
    __Heap_Initialize                        0x0800318f   Thumb Code    10  h1_init.o(.text)
    __Heap_DescSize                          0x08003199   Thumb Code     4  h1_init.o(.text)
    _printf_int_common                       0x0800319d   Thumb Code   178  _printf_intcommon.o(.text)
    _printf_char_common                      0x0800325b   Thumb Code    32  _printf_char_common.o(.text)
    _sputc                                   0x08003281   Thumb Code    10  _sputc.o(.text)
    _printf_cs_common                        0x0800328b   Thumb Code    20  _printf_char.o(.text)
    _printf_char                             0x0800329f   Thumb Code    16  _printf_char.o(.text)
    _printf_string                           0x080032af   Thumb Code     8  _printf_char.o(.text)
    _printf_char_file                        0x080032b9   Thumb Code    32  _printf_char_file.o(.text)
    strtol                                   0x080032dd   Thumb Code   112  strtol.o(.text)
    __aeabi_memcpy4                          0x0800334d   Thumb Code     0  rt_memcpy_w.o(.text)
    __aeabi_memcpy8                          0x0800334d   Thumb Code     0  rt_memcpy_w.o(.text)
    __rt_memcpy_w                            0x0800334d   Thumb Code   100  rt_memcpy_w.o(.text)
    _memcpy_lastbytes_aligned                0x08003395   Thumb Code     0  rt_memcpy_w.o(.text)
    __aeabi_memclr4                          0x080033b1   Thumb Code     0  rt_memclr_w.o(.text)
    __aeabi_memclr8                          0x080033b1   Thumb Code     0  rt_memclr_w.o(.text)
    __rt_memclr_w                            0x080033b1   Thumb Code    78  rt_memclr_w.o(.text)
    _memset_w                                0x080033b5   Thumb Code     0  rt_memclr_w.o(.text)
    __user_libspace                          0x08003401   Thumb Code     8  libspace.o(.text)
    __user_perproc_libspace                  0x08003401   Thumb Code     0  libspace.o(.text)
    __user_perthread_libspace                0x08003401   Thumb Code     0  libspace.o(.text)
    __rt_ctype_table                         0x08003409   Thumb Code    16  rt_ctype_table.o(.text)
    __Heap_ProvideMemory                     0x08003419   Thumb Code    52  h1_extend.o(.text)
    _strtoul                                 0x0800344d   Thumb Code   158  _strtoul.o(.text)
    ferror                                   0x080034eb   Thumb Code     8  ferror.o(.text)
    __rt_SIGRTMEM                            0x080034f3   Thumb Code    14  defsig_rtmem_outer.o(.text)
    __user_setup_stackheap                   0x08003501   Thumb Code    74  sys_stackheap_outer.o(.text)
    __rt_locale                              0x0800354d   Thumb Code     8  rt_locale_intlibspace.o(.text)
    _chval                                   0x08003555   Thumb Code    28  _chval.o(.text)
    exit                                     0x08003571   Thumb Code    18  exit.o(.text)
    __sig_exit                               0x08003583   Thumb Code    10  defsig_exit.o(.text)
    __rt_SIGRTMEM_inner                      0x0800358d   Thumb Code    22  defsig_rtmem_inner.o(.text)
    __default_signal_display                 0x080035dd   Thumb Code    50  defsig_general.o(.text)
    strcmp                                   0x08003611   Thumb Code   128  strcmpv7m.o(.text)
    _get_lc_ctype                            0x08003691   Thumb Code    44  lc_ctype_c.o(locale$$code)
    Region$$Table$$Base                      0x080036c8   Number         0  anon$$obj.o(Region$$Table)
    Region$$Table$$Limit                     0x080036e8   Number         0  anon$$obj.o(Region$$Table)
    __ctype                                  0x080036f5   Data           0  lc_ctype_c.o(locale$$data)
    SystemCoreClock                          0x20000000   Data           4  system_stm32f10x.o(.data)
    AHBPrescTable                            0x20000004   Data          16  system_stm32f10x.o(.data)
    esp8266_cnt                              0x20000016   Data           2  esp8266.o(.data)
    esp8266_cntPre                           0x20000018   Data           2  esp8266.o(.data)
    __stdout                                 0x20000020   Data           4  usart.o(.data)
    USART_RX_STA                             0x20000024   Data           2  usart.o(.data)
    esp8266_buf                              0x2000003c   Data         128  esp8266.o(.bss)
    USART_RX_BUF                             0x200000bc   Data         200  usart.o(.bss)
    __libspace_start                         0x20000184   Data          96  libspace.o(.bss)
    __temporary_stack_top$libspace           0x200001e4   Data           0  libspace.o(.bss)



==============================================================================

Memory Map of the image

  Image Entry point : 0x08000131

  Load Region LR_IROM1 (Base: 0x08000000, Size: 0x00003834, Max: 0x00080000, ABSOLUTE)

    Execution Region ER_IROM1 (Exec base: 0x08000000, Load base: 0x08000000, Size: 0x000037f8, Max: 0x00080000, ABSOLUTE)

    Exec Addr    Load Addr    Size         Type   Attr      Idx    E Section Name        Object

    0x08000000   0x08000000   0x00000130   Data   RO          366    RESET               startup_stm32f10x_hd.o
    0x08000130   0x08000130   0x00000008   Code   RO          540  * !!!main             c_w.l(__main.o)
    0x08000138   0x08000138   0x00000034   Code   RO          781    !!!scatter          c_w.l(__scatter.o)
    0x0800016c   0x0800016c   0x0000001a   Code   RO          783    !!handler_copy      c_w.l(__scatter_copy.o)
    0x08000186   0x08000186   0x00000002   PAD
    0x08000188   0x08000188   0x0000001c   Code   RO          785    !!handler_zi        c_w.l(__scatter_zi.o)
    0x080001a4   0x080001a4   0x00000000   Code   RO          523    .ARM.Collect$$_printf_percent$$00000000  c_w.l(_printf_percent.o)
    0x080001a4   0x080001a4   0x00000006   Code   RO          522    .ARM.Collect$$_printf_percent$$00000009  c_w.l(_printf_d.o)
    0x080001aa   0x080001aa   0x00000006   Code   RO          521    .ARM.Collect$$_printf_percent$$00000014  c_w.l(_printf_s.o)
    0x080001b0   0x080001b0   0x00000004   Code   RO          587    .ARM.Collect$$_printf_percent$$00000017  c_w.l(_printf_percent_end.o)
    0x080001b4   0x080001b4   0x00000002   Code   RO          722    .ARM.Collect$$libinit$$00000000  c_w.l(libinit.o)
    0x080001b6   0x080001b6   0x00000000   Code   RO          597    .ARM.Collect$$libinit$$00000002  c_w.l(libinit2.o)
    0x080001b6   0x080001b6   0x00000000   Code   RO          599    .ARM.Collect$$libinit$$00000004  c_w.l(libinit2.o)
    0x080001b6   0x080001b6   0x00000008   Code   RO          600    .ARM.Collect$$libinit$$00000005  c_w.l(libinit2.o)
    0x080001be   0x080001be   0x00000000   Code   RO          602    .ARM.Collect$$libinit$$0000000A  c_w.l(libinit2.o)
    0x080001be   0x080001be   0x00000000   Code   RO          604    .ARM.Collect$$libinit$$0000000C  c_w.l(libinit2.o)
    0x080001be   0x080001be   0x00000000   Code   RO          606    .ARM.Collect$$libinit$$0000000E  c_w.l(libinit2.o)
    0x080001be   0x080001be   0x00000006   Code   RO          607    .ARM.Collect$$libinit$$0000000F  c_w.l(libinit2.o)
    0x080001c4   0x080001c4   0x00000000   Code   RO          609    .ARM.Collect$$libinit$$00000011  c_w.l(libinit2.o)
    0x080001c4   0x080001c4   0x0000000c   Code   RO          610    .ARM.Collect$$libinit$$00000012  c_w.l(libinit2.o)
    0x080001d0   0x080001d0   0x00000000   Code   RO          611    .ARM.Collect$$libinit$$00000013  c_w.l(libinit2.o)
    0x080001d0   0x080001d0   0x00000000   Code   RO          613    .ARM.Collect$$libinit$$00000015  c_w.l(libinit2.o)
    0x080001d0   0x080001d0   0x00000000   Code   RO          615    .ARM.Collect$$libinit$$00000017  c_w.l(libinit2.o)
    0x080001d0   0x080001d0   0x00000000   Code   RO          617    .ARM.Collect$$libinit$$00000019  c_w.l(libinit2.o)
    0x080001d0   0x080001d0   0x00000000   Code   RO          619    .ARM.Collect$$libinit$$0000001B  c_w.l(libinit2.o)
    0x080001d0   0x080001d0   0x00000000   Code   RO          621    .ARM.Collect$$libinit$$0000001D  c_w.l(libinit2.o)
    0x080001d0   0x080001d0   0x00000000   Code   RO          623    .ARM.Collect$$libinit$$0000001F  c_w.l(libinit2.o)
    0x080001d0   0x080001d0   0x00000000   Code   RO          625    .ARM.Collect$$libinit$$00000021  c_w.l(libinit2.o)
    0x080001d0   0x080001d0   0x00000000   Code   RO          627    .ARM.Collect$$libinit$$00000023  c_w.l(libinit2.o)
    0x080001d0   0x080001d0   0x00000000   Code   RO          629    .ARM.Collect$$libinit$$00000025  c_w.l(libinit2.o)
    0x080001d0   0x080001d0   0x00000000   Code   RO          633    .ARM.Collect$$libinit$$0000002C  c_w.l(libinit2.o)
    0x080001d0   0x080001d0   0x00000000   Code   RO          635    .ARM.Collect$$libinit$$0000002E  c_w.l(libinit2.o)
    0x080001d0   0x080001d0   0x00000000   Code   RO          637    .ARM.Collect$$libinit$$00000030  c_w.l(libinit2.o)
    0x080001d0   0x080001d0   0x00000000   Code   RO          639    .ARM.Collect$$libinit$$00000032  c_w.l(libinit2.o)
    0x080001d0   0x080001d0   0x00000002   Code   RO          640    .ARM.Collect$$libinit$$00000033  c_w.l(libinit2.o)
    0x080001d2   0x080001d2   0x00000002   Code   RO          778    .ARM.Collect$$libshutdown$$00000000  c_w.l(libshutdown.o)
    0x080001d4   0x080001d4   0x00000000   Code   RO          736    .ARM.Collect$$libshutdown$$00000002  c_w.l(libshutdown2.o)
    0x080001d4   0x080001d4   0x00000000   Code   RO          738    .ARM.Collect$$libshutdown$$00000004  c_w.l(libshutdown2.o)
    0x080001d4   0x080001d4   0x00000000   Code   RO          741    .ARM.Collect$$libshutdown$$00000007  c_w.l(libshutdown2.o)
    0x080001d4   0x080001d4   0x00000000   Code   RO          744    .ARM.Collect$$libshutdown$$0000000A  c_w.l(libshutdown2.o)
    0x080001d4   0x080001d4   0x00000000   Code   RO          746    .ARM.Collect$$libshutdown$$0000000C  c_w.l(libshutdown2.o)
    0x080001d4   0x080001d4   0x00000000   Code   RO          749    .ARM.Collect$$libshutdown$$0000000F  c_w.l(libshutdown2.o)
    0x080001d4   0x080001d4   0x00000002   Code   RO          750    .ARM.Collect$$libshutdown$$00000010  c_w.l(libshutdown2.o)
    0x080001d6   0x080001d6   0x00000000   Code   RO          546    .ARM.Collect$$rtentry$$00000000  c_w.l(__rtentry.o)
    0x080001d6   0x080001d6   0x00000000   Code   RO          647    .ARM.Collect$$rtentry$$00000002  c_w.l(__rtentry2.o)
    0x080001d6   0x080001d6   0x00000006   Code   RO          659    .ARM.Collect$$rtentry$$00000004  c_w.l(__rtentry4.o)
    0x080001dc   0x080001dc   0x00000000   Code   RO          649    .ARM.Collect$$rtentry$$00000009  c_w.l(__rtentry2.o)
    0x080001dc   0x080001dc   0x00000004   Code   RO          650    .ARM.Collect$$rtentry$$0000000A  c_w.l(__rtentry2.o)
    0x080001e0   0x080001e0   0x00000000   Code   RO          652    .ARM.Collect$$rtentry$$0000000C  c_w.l(__rtentry2.o)
    0x080001e0   0x080001e0   0x00000008   Code   RO          653    .ARM.Collect$$rtentry$$0000000D  c_w.l(__rtentry2.o)
    0x080001e8   0x080001e8   0x00000002   Code   RO          723    .ARM.Collect$$rtexit$$00000000  c_w.l(rtexit.o)
    0x080001ea   0x080001ea   0x00000000   Code   RO          752    .ARM.Collect$$rtexit$$00000002  c_w.l(rtexit2.o)
    0x080001ea   0x080001ea   0x00000004   Code   RO          753    .ARM.Collect$$rtexit$$00000003  c_w.l(rtexit2.o)
    0x080001ee   0x080001ee   0x00000006   Code   RO          754    .ARM.Collect$$rtexit$$00000004  c_w.l(rtexit2.o)
    0x080001f4   0x080001f4   0x00000000   Code   RO          665    .emb_text           c_w.l(maybetermalloc1.o)
    0x080001f4   0x080001f4   0x000000e0   Code   RO            1    .text               main.o
    0x080002d4   0x080002d4   0x0000001a   Code   RO          136    .text               stm32f10x_it.o
    0x080002ee   0x080002ee   0x00000002   PAD
    0x080002f0   0x080002f0   0x000001e0   Code   RO          177    .text               system_stm32f10x.o
    0x080004d0   0x080004d0   0x0000004c   Code   RO          195    .text               led.o
    0x0800051c   0x0800051c   0x000000fc   Code   RO          207    .text               key.o
    0x08000618   0x08000618   0x000000d8   Code   RO          220    .text               usart3.o
    0x080006f0   0x080006f0   0x0000033c   Code   RO          236    .text               esp8266.o
    0x08000a2c   0x08000a2c   0x00000dfc   Code   RO          255    .text               mqttkit.o
    0x08001828   0x08001828   0x000006d6   Code   RO          283    .text               onenet.o
    0x08001efe   0x08001efe   0x00000002   PAD
    0x08001f00   0x08001f00   0x000000d4   Code   RO          300    .text               delay.o
    0x08001fd4   0x08001fd4   0x00000148   Code   RO          331    .text               usart.o
    0x0800211c   0x0800211c   0x00000040   Code   RO          367    .text               startup_stm32f10x_hd.o
    0x0800215c   0x0800215c   0x000000dc   Code   RO          371    .text               misc.o
    0x08002238   0x08002238   0x0000035c   Code   RO          383    .text               stm32f10x_gpio.o
    0x08002594   0x08002594   0x000003a4   Code   RO          395    .text               stm32f10x_rcc.o
    0x08002938   0x08002938   0x00000408   Code   RO          409    .text               stm32f10x_usart.o
    0x08002d40   0x08002d40   0x00000002   Code   RO          423    .text               c_w.l(use_no_semi_2.o)
    0x08002d42   0x08002d42   0x0000005e   Code   RO          429    .text               c_w.l(h1_alloc.o)
    0x08002da0   0x08002da0   0x0000004e   Code   RO          431    .text               c_w.l(h1_free.o)
    0x08002dee   0x08002dee   0x00000002   PAD
    0x08002df0   0x08002df0   0x00000018   Code   RO          491    .text               c_w.l(noretval__2printf.o)
    0x08002e08   0x08002e08   0x00000028   Code   RO          493    .text               c_w.l(noretval__2sprintf.o)
    0x08002e30   0x08002e30   0x00000068   Code   RO          495    .text               c_w.l(__printf.o)
    0x08002e98   0x08002e98   0x00000052   Code   RO          497    .text               c_w.l(_printf_str.o)
    0x08002eea   0x08002eea   0x00000002   PAD
    0x08002eec   0x08002eec   0x00000078   Code   RO          499    .text               c_w.l(_printf_dec.o)
    0x08002f64   0x08002f64   0x0000001a   Code   RO          524    .text               c_w.l(atoi.o)
    0x08002f7e   0x08002f7e   0x00000014   Code   RO          526    .text               c_w.l(strchr.o)
    0x08002f92   0x08002f92   0x00000024   Code   RO          528    .text               c_w.l(strncat.o)
    0x08002fb6   0x08002fb6   0x00000024   Code   RO          530    .text               c_w.l(strstr.o)
    0x08002fda   0x08002fda   0x0000003e   Code   RO          532    .text               c_w.l(strlen.o)
    0x08003018   0x08003018   0x0000008a   Code   RO          534    .text               c_w.l(rt_memcpy_v6.o)
    0x080030a2   0x080030a2   0x00000044   Code   RO          536    .text               c_w.l(rt_memclr.o)
    0x080030e6   0x080030e6   0x00000006   Code   RO          538    .text               c_w.l(heapauxi.o)
    0x080030ec   0x080030ec   0x00000002   Code   RO          542    .text               c_w.l(use_no_semi.o)
    0x080030ee   0x080030ee   0x00000002   PAD
    0x080030f0   0x080030f0   0x00000008   Code   RO          550    .text               c_w.l(rt_heap_descriptor_intlibspace.o)
    0x080030f8   0x080030f8   0x00000008   Code   RO          555    .text               c_w.l(rt_errno_addr_intlibspace.o)
    0x08003100   0x08003100   0x00000004   Code   RO          557    .text               c_w.l(hguard.o)
    0x08003104   0x08003104   0x0000008a   Code   RO          559    .text               c_w.l(init_alloc.o)
    0x0800318e   0x0800318e   0x0000000e   Code   RO          563    .text               c_w.l(h1_init.o)
    0x0800319c   0x0800319c   0x000000b2   Code   RO          577    .text               c_w.l(_printf_intcommon.o)
    0x0800324e   0x0800324e   0x00000002   PAD
    0x08003250   0x08003250   0x00000030   Code   RO          579    .text               c_w.l(_printf_char_common.o)
    0x08003280   0x08003280   0x0000000a   Code   RO          581    .text               c_w.l(_sputc.o)
    0x0800328a   0x0800328a   0x0000002c   Code   RO          583    .text               c_w.l(_printf_char.o)
    0x080032b6   0x080032b6   0x00000002   PAD
    0x080032b8   0x080032b8   0x00000024   Code   RO          585    .text               c_w.l(_printf_char_file.o)
    0x080032dc   0x080032dc   0x00000070   Code   RO          588    .text               c_w.l(strtol.o)
    0x0800334c   0x0800334c   0x00000064   Code   RO          590    .text               c_w.l(rt_memcpy_w.o)
    0x080033b0   0x080033b0   0x0000004e   Code   RO          592    .text               c_w.l(rt_memclr_w.o)
    0x080033fe   0x080033fe   0x00000002   PAD
    0x08003400   0x08003400   0x00000008   Code   RO          643    .text               c_w.l(libspace.o)
    0x08003408   0x08003408   0x00000010   Code   RO          661    .text               c_w.l(rt_ctype_table.o)
    0x08003418   0x08003418   0x00000034   Code   RO          667    .text               c_w.l(h1_extend.o)
    0x0800344c   0x0800344c   0x0000009e   Code   RO          673    .text               c_w.l(_strtoul.o)
    0x080034ea   0x080034ea   0x00000008   Code   RO          675    .text               c_w.l(ferror.o)
    0x080034f2   0x080034f2   0x0000000e   Code   RO          679    .text               c_w.l(defsig_rtmem_outer.o)
    0x08003500   0x08003500   0x0000004a   Code   RO          691    .text               c_w.l(sys_stackheap_outer.o)
    0x0800354a   0x0800354a   0x00000002   PAD
    0x0800354c   0x0800354c   0x00000008   Code   RO          698    .text               c_w.l(rt_locale_intlibspace.o)
    0x08003554   0x08003554   0x0000001c   Code   RO          702    .text               c_w.l(_chval.o)
    0x08003570   0x08003570   0x00000012   Code   RO          707    .text               c_w.l(exit.o)
    0x08003582   0x08003582   0x0000000a   Code   RO          709    .text               c_w.l(defsig_exit.o)
    0x0800358c   0x0800358c   0x00000050   Code   RO          711    .text               c_w.l(defsig_rtmem_inner.o)
    0x080035dc   0x080035dc   0x00000032   Code   RO          731    .text               c_w.l(defsig_general.o)
    0x0800360e   0x0800360e   0x00000002   PAD
    0x08003610   0x08003610   0x00000080   Code   RO          733    .text               c_w.l(strcmpv7m.o)
    0x08003690   0x08003690   0x0000002c   Code   RO          705    locale$$code        c_w.l(lc_ctype_c.o)
    0x080036bc   0x080036bc   0x00000004   Data   RO            2    .constdata          main.o
    0x080036c0   0x080036c0   0x00000008   Data   RO            3    .conststring        main.o
    0x080036c8   0x080036c8   0x00000020   Data   RO          779    Region$$Table       anon$$obj.o
    0x080036e8   0x080036e8   0x00000110   Data   RO          704    locale$$data        c_w.l(lc_ctype_c.o)


    Execution Region RW_IRAM1 (Exec base: 0x20000000, Load base: 0x080037f8, Size: 0x000007e8, Max: 0x00010000, ABSOLUTE)

    Exec Addr    Load Addr    Size         Type   Attr      Idx    E Section Name        Object

    0x20000000   0x080037f8   0x00000014   Data   RW          178    .data               system_stm32f10x.o
    0x20000014   0x0800380c   0x00000001   Data   RW          208    .data               key.o
    0x20000015   0x0800380d   0x00000001   PAD
    0x20000016   0x0800380e   0x00000004   Data   RW          238    .data               esp8266.o
    0x2000001a   0x08003812   0x00000002   Data   RW          284    .data               onenet.o
    0x2000001c   0x08003814   0x00000004   Data   RW          301    .data               delay.o
    0x20000020   0x08003818   0x00000006   Data   RW          333    .data               usart.o
    0x20000026   0x0800381e   0x00000014   Data   RW          396    .data               stm32f10x_rcc.o
    0x2000003a   0x08003832   0x00000002   PAD
    0x2000003c        -       0x00000080   Zero   RW          237    .bss                esp8266.o
    0x200000bc        -       0x000000c8   Zero   RW          332    .bss                usart.o
    0x20000184        -       0x00000060   Zero   RW          644    .bss                c_w.l(libspace.o)
    0x200001e4   0x08003832   0x00000004   PAD
    0x200001e8        -       0x00000200   Zero   RW          365    HEAP                startup_stm32f10x_hd.o
    0x200003e8        -       0x00000400   Zero   RW          364    STACK               startup_stm32f10x_hd.o


==============================================================================

Image component sizes


      Code (inc. data)   RO Data    RW Data    ZI Data      Debug   Object Name

       212         18          0          4          0       1019   delay.o
       828        292          0          4        128       3151   esp8266.o
       252         12          0          1          0        828   key.o
        76          8          0          0          0        483   led.o
       224         56         12          0          0     233031   main.o
       220         22          0          0          0       1777   misc.o
      3580         42          0          0          0      15203   mqttkit.o
      1750        854          0          2          0       3623   onenet.o
        64         26        304          0       1536        788   startup_stm32f10x_hd.o
       860         38          0          0          0       5709   stm32f10x_gpio.o
        26          0          0          0          0       1166   stm32f10x_it.o
       932         36          0         20          0       8872   stm32f10x_rcc.o
      1032         22          0          0          0       8432   stm32f10x_usart.o
         0          0          0          0          0         32   sys.o
       480         38          0         20          0       1703   system_stm32f10x.o
       328         18          0          6        200       3279   usart.o
       216          8          0          0          0       1402   usart3.o

    ----------------------------------------------------------------------
     11084       1490        348         60       1864     290498   Object Totals
         0          0         32          0          0          0   (incl. Generated)
         4          0          0          3          0          0   (incl. Padding)

    ----------------------------------------------------------------------

      Code (inc. data)   RO Data    RW Data    ZI Data      Debug   Library Member Name

         8          0          0          0          0         68   __main.o
       104          0          0          0          0         84   __printf.o
         0          0          0          0          0          0   __rtentry.o
        12          0          0          0          0          0   __rtentry2.o
         6          0          0          0          0          0   __rtentry4.o
        52          8          0          0          0          0   __scatter.o
        26          0          0          0          0          0   __scatter_copy.o
        28          0          0          0          0          0   __scatter_zi.o
        28          0          0          0          0         68   _chval.o
        44          0          0          0          0        108   _printf_char.o
        48          6          0          0          0         96   _printf_char_common.o
        36          4          0          0          0         80   _printf_char_file.o
         6          0          0          0          0          0   _printf_d.o
       120         16          0          0          0         92   _printf_dec.o
       178          0          0          0          0         88   _printf_intcommon.o
         0          0          0          0          0          0   _printf_percent.o
         4          0          0          0          0          0   _printf_percent_end.o
         6          0          0          0          0          0   _printf_s.o
        82          0          0          0          0         80   _printf_str.o
        10          0          0          0          0         68   _sputc.o
       158          0          0          0          0         92   _strtoul.o
        26          0          0          0          0         80   atoi.o
        10          0          0          0          0         68   defsig_exit.o
        50          0          0          0          0         88   defsig_general.o
        80         58          0          0          0         76   defsig_rtmem_inner.o
        14          0          0          0          0         80   defsig_rtmem_outer.o
        18          0          0          0          0         80   exit.o
         8          0          0          0          0         68   ferror.o
        94          0          0          0          0         80   h1_alloc.o
        52          0          0          0          0         68   h1_extend.o
        78          0          0          0          0         80   h1_free.o
        14          0          0          0          0         84   h1_init.o
         6          0          0          0          0        152   heapauxi.o
         4          0          0          0          0        136   hguard.o
       138          0          0          0          0        168   init_alloc.o
        44         10        272          0          0         76   lc_ctype_c.o
         2          0          0          0          0          0   libinit.o
        28          0          0          0          0          0   libinit2.o
         2          0          0          0          0          0   libshutdown.o
         2          0          0          0          0          0   libshutdown2.o
         8          4          0          0         96         68   libspace.o
         0          0          0          0          0          0   maybetermalloc1.o
        24          4          0          0          0         84   noretval__2printf.o
        40          6          0          0          0         84   noretval__2sprintf.o
        16          4          0          0          0         76   rt_ctype_table.o
         8          4          0          0          0         68   rt_errno_addr_intlibspace.o
         8          4          0          0          0         68   rt_heap_descriptor_intlibspace.o
         8          4          0          0          0         68   rt_locale_intlibspace.o
        68          0          0          0          0         68   rt_memclr.o
        78          0          0          0          0         80   rt_memclr_w.o
       138          0          0          0          0         68   rt_memcpy_v6.o
       100          0          0          0          0         80   rt_memcpy_w.o
         2          0          0          0          0          0   rtexit.o
        10          0          0          0          0          0   rtexit2.o
        20          0          0          0          0         68   strchr.o
       128          0          0          0          0         68   strcmpv7m.o
        62          0          0          0          0         76   strlen.o
        36          0          0          0          0         76   strncat.o
        36          0          0          0          0         80   strstr.o
       112          0          0          0          0         88   strtol.o
        74          0          0          0          0         80   sys_stackheap_outer.o
         2          0          0          0          0         68   use_no_semi.o
         2          0          0          0          0         68   use_no_semi_2.o

    ----------------------------------------------------------------------
      2624        132        272          0        100       3792   Library Totals
        18          0          0          0          4          0   (incl. Padding)

    ----------------------------------------------------------------------

      Code (inc. data)   RO Data    RW Data    ZI Data      Debug   Library Name

      2606        132        272          0         96       3792   c_w.l

    ----------------------------------------------------------------------
      2624        132        272          0        100       3792   Library Totals

    ----------------------------------------------------------------------

==============================================================================


      Code (inc. data)   RO Data    RW Data    ZI Data      Debug   

     13708       1622        620         60       1964     290906   Grand Totals
     13708       1622        620         60       1964     290906   ELF Image Totals
     13708       1622        620         60          0          0   ROM Totals

==============================================================================

    Total RO  Size (Code + RO Data)                14328 (  13.99kB)
    Total RW  Size (RW Data + ZI Data)              2024 (   1.98kB)
    Total ROM Size (Code + RO Data + RW Data)      14388 (  14.05kB)

==============================================================================

